<?xml version="1.0" encoding="ISO-8859-1" ?>
<link_info>
   <banner>MSP430 Linker PC v21.6.1.LTS</banner>
   <copyright>Copyright (c) 2003-2018 Texas Instruments Incorporated</copyright>
   <link_time>0x64c8dc2b</link_time>
   <link_errors>0x0</link_errors>
   <output_file>servo.out</output_file>
   <entry_point>
      <name>_c_int00_noargs</name>
      <address>0x4598</address>
   </entry_point>
   <input_file_list>
      <input_file id="fl-2">
         <path>.\</path>
         <kind>object</kind>
         <file>main.obj</file>
         <name>main.obj</name>
      </input_file>
      <input_file id="fl-3">
         <path>.\MSP430F5xx_6xx\</path>
         <kind>object</kind>
         <file>adc10_a.obj</file>
         <name>adc10_a.obj</name>
      </input_file>
      <input_file id="fl-4">
         <path>.\MSP430F5xx_6xx\</path>
         <kind>object</kind>
         <file>adc12_a.obj</file>
         <name>adc12_a.obj</name>
      </input_file>
      <input_file id="fl-5">
         <path>.\MSP430F5xx_6xx\</path>
         <kind>object</kind>
         <file>aes.obj</file>
         <name>aes.obj</name>
      </input_file>
      <input_file id="fl-6">
         <path>.\MSP430F5xx_6xx\</path>
         <kind>object</kind>
         <file>battbak.obj</file>
         <name>battbak.obj</name>
      </input_file>
      <input_file id="fl-7">
         <path>.\MSP430F5xx_6xx\</path>
         <kind>object</kind>
         <file>comp_b.obj</file>
         <name>comp_b.obj</name>
      </input_file>
      <input_file id="fl-8">
         <path>.\MSP430F5xx_6xx\</path>
         <kind>object</kind>
         <file>crc.obj</file>
         <name>crc.obj</name>
      </input_file>
      <input_file id="fl-9">
         <path>.\MSP430F5xx_6xx\</path>
         <kind>object</kind>
         <file>ctsd16.obj</file>
         <name>ctsd16.obj</name>
      </input_file>
      <input_file id="fl-a">
         <path>.\MSP430F5xx_6xx\</path>
         <kind>object</kind>
         <file>dac12_a.obj</file>
         <name>dac12_a.obj</name>
      </input_file>
      <input_file id="fl-b">
         <path>.\MSP430F5xx_6xx\</path>
         <kind>object</kind>
         <file>dma.obj</file>
         <name>dma.obj</name>
      </input_file>
      <input_file id="fl-c">
         <path>.\MSP430F5xx_6xx\</path>
         <kind>object</kind>
         <file>eusci_a_spi.obj</file>
         <name>eusci_a_spi.obj</name>
      </input_file>
      <input_file id="fl-d">
         <path>.\MSP430F5xx_6xx\</path>
         <kind>object</kind>
         <file>eusci_a_uart.obj</file>
         <name>eusci_a_uart.obj</name>
      </input_file>
      <input_file id="fl-e">
         <path>.\MSP430F5xx_6xx\</path>
         <kind>object</kind>
         <file>eusci_b_i2c.obj</file>
         <name>eusci_b_i2c.obj</name>
      </input_file>
      <input_file id="fl-f">
         <path>.\MSP430F5xx_6xx\</path>
         <kind>object</kind>
         <file>eusci_b_spi.obj</file>
         <name>eusci_b_spi.obj</name>
      </input_file>
      <input_file id="fl-10">
         <path>.\MSP430F5xx_6xx\</path>
         <kind>object</kind>
         <file>flashctl.obj</file>
         <name>flashctl.obj</name>
      </input_file>
      <input_file id="fl-11">
         <path>.\MSP430F5xx_6xx\</path>
         <kind>object</kind>
         <file>gpio.obj</file>
         <name>gpio.obj</name>
      </input_file>
      <input_file id="fl-12">
         <path>.\MSP430F5xx_6xx\</path>
         <kind>object</kind>
         <file>lcd_b.obj</file>
         <name>lcd_b.obj</name>
      </input_file>
      <input_file id="fl-13">
         <path>.\MSP430F5xx_6xx\</path>
         <kind>object</kind>
         <file>lcd_c.obj</file>
         <name>lcd_c.obj</name>
      </input_file>
      <input_file id="fl-14">
         <path>.\MSP430F5xx_6xx\</path>
         <kind>object</kind>
         <file>ldopwr.obj</file>
         <name>ldopwr.obj</name>
      </input_file>
      <input_file id="fl-15">
         <path>.\MSP430F5xx_6xx\</path>
         <kind>object</kind>
         <file>mpy32.obj</file>
         <name>mpy32.obj</name>
      </input_file>
      <input_file id="fl-16">
         <path>.\MSP430F5xx_6xx\</path>
         <kind>object</kind>
         <file>oa.obj</file>
         <name>oa.obj</name>
      </input_file>
      <input_file id="fl-17">
         <path>.\MSP430F5xx_6xx\</path>
         <kind>object</kind>
         <file>pmap.obj</file>
         <name>pmap.obj</name>
      </input_file>
      <input_file id="fl-18">
         <path>.\MSP430F5xx_6xx\</path>
         <kind>object</kind>
         <file>pmm.obj</file>
         <name>pmm.obj</name>
      </input_file>
      <input_file id="fl-19">
         <path>.\MSP430F5xx_6xx\</path>
         <kind>object</kind>
         <file>ram.obj</file>
         <name>ram.obj</name>
      </input_file>
      <input_file id="fl-1a">
         <path>.\MSP430F5xx_6xx\</path>
         <kind>object</kind>
         <file>ref.obj</file>
         <name>ref.obj</name>
      </input_file>
      <input_file id="fl-1b">
         <path>.\MSP430F5xx_6xx\</path>
         <kind>object</kind>
         <file>rtc_a.obj</file>
         <name>rtc_a.obj</name>
      </input_file>
      <input_file id="fl-1c">
         <path>.\MSP430F5xx_6xx\</path>
         <kind>object</kind>
         <file>rtc_b.obj</file>
         <name>rtc_b.obj</name>
      </input_file>
      <input_file id="fl-1d">
         <path>.\MSP430F5xx_6xx\</path>
         <kind>object</kind>
         <file>rtc_c.obj</file>
         <name>rtc_c.obj</name>
      </input_file>
      <input_file id="fl-1e">
         <path>.\MSP430F5xx_6xx\</path>
         <kind>object</kind>
         <file>sd24_b.obj</file>
         <name>sd24_b.obj</name>
      </input_file>
      <input_file id="fl-1f">
         <path>.\MSP430F5xx_6xx\</path>
         <kind>object</kind>
         <file>sfr.obj</file>
         <name>sfr.obj</name>
      </input_file>
      <input_file id="fl-20">
         <path>.\MSP430F5xx_6xx\</path>
         <kind>object</kind>
         <file>sysctl.obj</file>
         <name>sysctl.obj</name>
      </input_file>
      <input_file id="fl-21">
         <path>.\MSP430F5xx_6xx\</path>
         <kind>object</kind>
         <file>tec.obj</file>
         <name>tec.obj</name>
      </input_file>
      <input_file id="fl-22">
         <path>.\MSP430F5xx_6xx\</path>
         <kind>object</kind>
         <file>timer_a.obj</file>
         <name>timer_a.obj</name>
      </input_file>
      <input_file id="fl-23">
         <path>.\MSP430F5xx_6xx\</path>
         <kind>object</kind>
         <file>timer_b.obj</file>
         <name>timer_b.obj</name>
      </input_file>
      <input_file id="fl-24">
         <path>.\MSP430F5xx_6xx\</path>
         <kind>object</kind>
         <file>timer_d.obj</file>
         <name>timer_d.obj</name>
      </input_file>
      <input_file id="fl-25">
         <path>.\MSP430F5xx_6xx\</path>
         <kind>object</kind>
         <file>tlv.obj</file>
         <name>tlv.obj</name>
      </input_file>
      <input_file id="fl-26">
         <path>.\MSP430F5xx_6xx\</path>
         <kind>object</kind>
         <file>ucs.obj</file>
         <name>ucs.obj</name>
      </input_file>
      <input_file id="fl-27">
         <path>.\MSP430F5xx_6xx\</path>
         <kind>object</kind>
         <file>usci_a_spi.obj</file>
         <name>usci_a_spi.obj</name>
      </input_file>
      <input_file id="fl-28">
         <path>.\MSP430F5xx_6xx\</path>
         <kind>object</kind>
         <file>usci_a_uart.obj</file>
         <name>usci_a_uart.obj</name>
      </input_file>
      <input_file id="fl-29">
         <path>.\MSP430F5xx_6xx\</path>
         <kind>object</kind>
         <file>usci_b_i2c.obj</file>
         <name>usci_b_i2c.obj</name>
      </input_file>
      <input_file id="fl-2a">
         <path>.\MSP430F5xx_6xx\</path>
         <kind>object</kind>
         <file>usci_b_spi.obj</file>
         <name>usci_b_spi.obj</name>
      </input_file>
      <input_file id="fl-2b">
         <path>.\MSP430F5xx_6xx\</path>
         <kind>object</kind>
         <file>wdt_a.obj</file>
         <name>wdt_a.obj</name>
      </input_file>
      <input_file id="fl-2c">
         <path>.\mylib\</path>
         <kind>object</kind>
         <file>ADC.obj</file>
         <name>ADC.obj</name>
      </input_file>
      <input_file id="fl-2d">
         <path>.\mylib\</path>
         <kind>object</kind>
         <file>IIC.obj</file>
         <name>IIC.obj</name>
      </input_file>
      <input_file id="fl-2e">
         <path>.\mylib\</path>
         <kind>object</kind>
         <file>KEY.obj</file>
         <name>KEY.obj</name>
      </input_file>
      <input_file id="fl-2f">
         <path>.\mylib\</path>
         <kind>object</kind>
         <file>LED.obj</file>
         <name>LED.obj</name>
      </input_file>
      <input_file id="fl-30">
         <path>.\mylib\</path>
         <kind>object</kind>
         <file>OLED.obj</file>
         <name>OLED.obj</name>
      </input_file>
      <input_file id="fl-31">
         <path>.\mylib\</path>
         <kind>object</kind>
         <file>PID.obj</file>
         <name>PID.obj</name>
      </input_file>
      <input_file id="fl-32">
         <path>.\mylib\</path>
         <kind>object</kind>
         <file>SYS_it.obj</file>
         <name>SYS_it.obj</name>
      </input_file>
      <input_file id="fl-33">
         <path>.\mylib\</path>
         <kind>object</kind>
         <file>TIMER.obj</file>
         <name>TIMER.obj</name>
      </input_file>
      <input_file id="fl-34">
         <path>.\mylib\</path>
         <kind>object</kind>
         <file>USART.obj</file>
         <name>USART.obj</name>
      </input_file>
      <input_file id="fl-35">
         <path>.\mylib\</path>
         <kind>object</kind>
         <file>ZX_MOTOR.obj</file>
         <name>ZX_MOTOR.obj</name>
      </input_file>
      <input_file id="fl-36">
         <path>.\mylib\</path>
         <kind>object</kind>
         <file>control.obj</file>
         <name>control.obj</name>
      </input_file>
      <input_file id="fl-37">
         <path>.\mylib\</path>
         <kind>object</kind>
         <file>inv_mpu.obj</file>
         <name>inv_mpu.obj</name>
      </input_file>
      <input_file id="fl-38">
         <path>.\mylib\</path>
         <kind>object</kind>
         <file>inv_mpu_dmp_motion_driver.obj</file>
         <name>inv_mpu_dmp_motion_driver.obj</name>
      </input_file>
      <input_file id="fl-39">
         <path>.\mylib\</path>
         <kind>object</kind>
         <file>mpu6050.obj</file>
         <name>mpu6050.obj</name>
      </input_file>
      <input_file id="fl-3a">
         <path>.\mylib\</path>
         <kind>object</kind>
         <file>servo.obj</file>
         <name>servo.obj</name>
      </input_file>
      <input_file id="fl-40">
         <kind>object</kind>
         <file>&lt;internal&gt;</file>
         <name>&lt;internal&gt;</name>
      </input_file>
      <input_file id="fl-5b">
         <path>D:\CCS\ccs\tools\compiler\ti-cgt-msp430_21.6.1.LTS\lib\</path>
         <kind>archive</kind>
         <file>rts430x_lc_rd_eabi.lib</file>
         <name>printf.c.obj</name>
      </input_file>
      <input_file id="fl-5c">
         <path>D:\CCS\ccs\tools\compiler\ti-cgt-msp430_21.6.1.LTS\lib\</path>
         <kind>archive</kind>
         <file>rts430x_lc_rd_eabi.lib</file>
         <name>_printfi.c.obj</name>
      </input_file>
      <input_file id="fl-5d">
         <path>D:\CCS\ccs\tools\compiler\ti-cgt-msp430_21.6.1.LTS\lib\</path>
         <kind>archive</kind>
         <file>rts430x_lc_rd_eabi.lib</file>
         <name>e_asin.c.obj</name>
      </input_file>
      <input_file id="fl-5e">
         <path>D:\CCS\ccs\tools\compiler\ti-cgt-msp430_21.6.1.LTS\lib\</path>
         <kind>archive</kind>
         <file>rts430x_lc_rd_eabi.lib</file>
         <name>e_atan2.c.obj</name>
      </input_file>
      <input_file id="fl-5f">
         <path>D:\CCS\ccs\tools\compiler\ti-cgt-msp430_21.6.1.LTS\lib\</path>
         <kind>archive</kind>
         <file>rts430x_lc_rd_eabi.lib</file>
         <name>e_sqrt.c.obj</name>
      </input_file>
      <input_file id="fl-60">
         <path>D:\CCS\ccs\tools\compiler\ti-cgt-msp430_21.6.1.LTS\lib\</path>
         <kind>archive</kind>
         <file>rts430x_lc_rd_eabi.lib</file>
         <name>s_atan.c.obj</name>
      </input_file>
      <input_file id="fl-61">
         <path>D:\CCS\ccs\tools\compiler\ti-cgt-msp430_21.6.1.LTS\lib\</path>
         <kind>archive</kind>
         <file>rts430x_lc_rd_eabi.lib</file>
         <name>s_frexp.c.obj</name>
      </input_file>
      <input_file id="fl-62">
         <path>D:\CCS\ccs\tools\compiler\ti-cgt-msp430_21.6.1.LTS\lib\</path>
         <kind>archive</kind>
         <file>rts430x_lc_rd_eabi.lib</file>
         <name>s_scalbn.c.obj</name>
      </input_file>
      <input_file id="fl-63">
         <path>D:\CCS\ccs\tools\compiler\ti-cgt-msp430_21.6.1.LTS\lib\</path>
         <kind>archive</kind>
         <file>rts430x_lc_rd_eabi.lib</file>
         <name>s_copysign.c.obj</name>
      </input_file>
      <input_file id="fl-64">
         <path>D:\CCS\ccs\tools\compiler\ti-cgt-msp430_21.6.1.LTS\lib\</path>
         <kind>archive</kind>
         <file>rts430x_lc_rd_eabi.lib</file>
         <name>wcslen.c.obj</name>
      </input_file>
      <input_file id="fl-65">
         <path>D:\CCS\ccs\tools\compiler\ti-cgt-msp430_21.6.1.LTS\lib\</path>
         <kind>archive</kind>
         <file>rts430x_lc_rd_eabi.lib</file>
         <name>div16s.asm.obj</name>
      </input_file>
      <input_file id="fl-66">
         <path>D:\CCS\ccs\tools\compiler\ti-cgt-msp430_21.6.1.LTS\lib\</path>
         <kind>archive</kind>
         <file>rts430x_lc_rd_eabi.lib</file>
         <name>div16u.asm.obj</name>
      </input_file>
      <input_file id="fl-67">
         <path>D:\CCS\ccs\tools\compiler\ti-cgt-msp430_21.6.1.LTS\lib\</path>
         <kind>archive</kind>
         <file>rts430x_lc_rd_eabi.lib</file>
         <name>div32s.asm.obj</name>
      </input_file>
      <input_file id="fl-68">
         <path>D:\CCS\ccs\tools\compiler\ti-cgt-msp430_21.6.1.LTS\lib\</path>
         <kind>archive</kind>
         <file>rts430x_lc_rd_eabi.lib</file>
         <name>div32u.asm.obj</name>
      </input_file>
      <input_file id="fl-69">
         <path>D:\CCS\ccs\tools\compiler\ti-cgt-msp430_21.6.1.LTS\lib\</path>
         <kind>archive</kind>
         <file>rts430x_lc_rd_eabi.lib</file>
         <name>fs_add.asm.obj</name>
      </input_file>
      <input_file id="fl-6a">
         <path>D:\CCS\ccs\tools\compiler\ti-cgt-msp430_21.6.1.LTS\lib\</path>
         <kind>archive</kind>
         <file>rts430x_lc_rd_eabi.lib</file>
         <name>fs_cmp.asm.obj</name>
      </input_file>
      <input_file id="fl-6b">
         <path>D:\CCS\ccs\tools\compiler\ti-cgt-msp430_21.6.1.LTS\lib\</path>
         <kind>archive</kind>
         <file>rts430x_lc_rd_eabi.lib</file>
         <name>fs_div.asm.obj</name>
      </input_file>
      <input_file id="fl-6c">
         <path>D:\CCS\ccs\tools\compiler\ti-cgt-msp430_21.6.1.LTS\lib\</path>
         <kind>archive</kind>
         <file>rts430x_lc_rd_eabi.lib</file>
         <name>fs_itof.asm.obj</name>
      </input_file>
      <input_file id="fl-6d">
         <path>D:\CCS\ccs\tools\compiler\ti-cgt-msp430_21.6.1.LTS\lib\</path>
         <kind>archive</kind>
         <file>rts430x_lc_rd_eabi.lib</file>
         <name>fs_ltof.asm.obj</name>
      </input_file>
      <input_file id="fl-6e">
         <path>D:\CCS\ccs\tools\compiler\ti-cgt-msp430_21.6.1.LTS\lib\</path>
         <kind>archive</kind>
         <file>rts430x_lc_rd_eabi.lib</file>
         <name>fs_mpy.asm.obj</name>
      </input_file>
      <input_file id="fl-6f">
         <path>D:\CCS\ccs\tools\compiler\ti-cgt-msp430_21.6.1.LTS\lib\</path>
         <kind>archive</kind>
         <file>rts430x_lc_rd_eabi.lib</file>
         <name>fs_toi.asm.obj</name>
      </input_file>
      <input_file id="fl-70">
         <path>D:\CCS\ccs\tools\compiler\ti-cgt-msp430_21.6.1.LTS\lib\</path>
         <kind>archive</kind>
         <file>rts430x_lc_rd_eabi.lib</file>
         <name>fs_tol.asm.obj</name>
      </input_file>
      <input_file id="fl-71">
         <path>D:\CCS\ccs\tools\compiler\ti-cgt-msp430_21.6.1.LTS\lib\</path>
         <kind>archive</kind>
         <file>rts430x_lc_rd_eabi.lib</file>
         <name>fs_tou.asm.obj</name>
      </input_file>
      <input_file id="fl-72">
         <path>D:\CCS\ccs\tools\compiler\ti-cgt-msp430_21.6.1.LTS\lib\</path>
         <kind>archive</kind>
         <file>rts430x_lc_rd_eabi.lib</file>
         <name>fs_ultof.asm.obj</name>
      </input_file>
      <input_file id="fl-73">
         <path>D:\CCS\ccs\tools\compiler\ti-cgt-msp430_21.6.1.LTS\lib\</path>
         <kind>archive</kind>
         <file>rts430x_lc_rd_eabi.lib</file>
         <name>fs_utof.asm.obj</name>
      </input_file>
      <input_file id="fl-74">
         <path>D:\CCS\ccs\tools\compiler\ti-cgt-msp430_21.6.1.LTS\lib\</path>
         <kind>archive</kind>
         <file>rts430x_lc_rd_eabi.lib</file>
         <name>int41.asm.obj</name>
      </input_file>
      <input_file id="fl-75">
         <path>D:\CCS\ccs\tools\compiler\ti-cgt-msp430_21.6.1.LTS\lib\</path>
         <kind>archive</kind>
         <file>rts430x_lc_rd_eabi.lib</file>
         <name>int43.asm.obj</name>
      </input_file>
      <input_file id="fl-76">
         <path>D:\CCS\ccs\tools\compiler\ti-cgt-msp430_21.6.1.LTS\lib\</path>
         <kind>archive</kind>
         <file>rts430x_lc_rd_eabi.lib</file>
         <name>int44.asm.obj</name>
      </input_file>
      <input_file id="fl-77">
         <path>D:\CCS\ccs\tools\compiler\ti-cgt-msp430_21.6.1.LTS\lib\</path>
         <kind>archive</kind>
         <file>rts430x_lc_rd_eabi.lib</file>
         <name>int45.asm.obj</name>
      </input_file>
      <input_file id="fl-78">
         <path>D:\CCS\ccs\tools\compiler\ti-cgt-msp430_21.6.1.LTS\lib\</path>
         <kind>archive</kind>
         <file>rts430x_lc_rd_eabi.lib</file>
         <name>int48.asm.obj</name>
      </input_file>
      <input_file id="fl-79">
         <path>D:\CCS\ccs\tools\compiler\ti-cgt-msp430_21.6.1.LTS\lib\</path>
         <kind>archive</kind>
         <file>rts430x_lc_rd_eabi.lib</file>
         <name>int50.asm.obj</name>
      </input_file>
      <input_file id="fl-7a">
         <path>D:\CCS\ccs\tools\compiler\ti-cgt-msp430_21.6.1.LTS\lib\</path>
         <kind>archive</kind>
         <file>rts430x_lc_rd_eabi.lib</file>
         <name>int51.asm.obj</name>
      </input_file>
      <input_file id="fl-7b">
         <path>D:\CCS\ccs\tools\compiler\ti-cgt-msp430_21.6.1.LTS\lib\</path>
         <kind>archive</kind>
         <file>rts430x_lc_rd_eabi.lib</file>
         <name>int52.asm.obj</name>
      </input_file>
      <input_file id="fl-7c">
         <path>D:\CCS\ccs\tools\compiler\ti-cgt-msp430_21.6.1.LTS\lib\</path>
         <kind>archive</kind>
         <file>rts430x_lc_rd_eabi.lib</file>
         <name>int53.asm.obj</name>
      </input_file>
      <input_file id="fl-7d">
         <path>D:\CCS\ccs\tools\compiler\ti-cgt-msp430_21.6.1.LTS\lib\</path>
         <kind>archive</kind>
         <file>rts430x_lc_rd_eabi.lib</file>
         <name>int54.asm.obj</name>
      </input_file>
      <input_file id="fl-7e">
         <path>D:\CCS\ccs\tools\compiler\ti-cgt-msp430_21.6.1.LTS\lib\</path>
         <kind>archive</kind>
         <file>rts430x_lc_rd_eabi.lib</file>
         <name>int55.asm.obj</name>
      </input_file>
      <input_file id="fl-7f">
         <path>D:\CCS\ccs\tools\compiler\ti-cgt-msp430_21.6.1.LTS\lib\</path>
         <kind>archive</kind>
         <file>rts430x_lc_rd_eabi.lib</file>
         <name>int57.asm.obj</name>
      </input_file>
      <input_file id="fl-80">
         <path>D:\CCS\ccs\tools\compiler\ti-cgt-msp430_21.6.1.LTS\lib\</path>
         <kind>archive</kind>
         <file>rts430x_lc_rd_eabi.lib</file>
         <name>int58.asm.obj</name>
      </input_file>
      <input_file id="fl-81">
         <path>D:\CCS\ccs\tools\compiler\ti-cgt-msp430_21.6.1.LTS\lib\</path>
         <kind>archive</kind>
         <file>rts430x_lc_rd_eabi.lib</file>
         <name>int60.asm.obj</name>
      </input_file>
      <input_file id="fl-82">
         <path>D:\CCS\ccs\tools\compiler\ti-cgt-msp430_21.6.1.LTS\lib\</path>
         <kind>archive</kind>
         <file>rts430x_lc_rd_eabi.lib</file>
         <name>int61.asm.obj</name>
      </input_file>
      <input_file id="fl-83">
         <path>D:\CCS\ccs\tools\compiler\ti-cgt-msp430_21.6.1.LTS\lib\</path>
         <kind>archive</kind>
         <file>rts430x_lc_rd_eabi.lib</file>
         <name>int62.asm.obj</name>
      </input_file>
      <input_file id="fl-84">
         <path>D:\CCS\ccs\tools\compiler\ti-cgt-msp430_21.6.1.LTS\lib\</path>
         <kind>archive</kind>
         <file>rts430x_lc_rd_eabi.lib</file>
         <name>isr_trap.asm.obj</name>
      </input_file>
      <input_file id="fl-85">
         <path>D:\CCS\ccs\tools\compiler\ti-cgt-msp430_21.6.1.LTS\lib\</path>
         <kind>archive</kind>
         <file>rts430x_lc_rd_eabi.lib</file>
         <name>lsl16.asm.obj</name>
      </input_file>
      <input_file id="fl-86">
         <path>D:\CCS\ccs\tools\compiler\ti-cgt-msp430_21.6.1.LTS\lib\</path>
         <kind>archive</kind>
         <file>rts430x_lc_rd_eabi.lib</file>
         <name>lsl32.asm.obj</name>
      </input_file>
      <input_file id="fl-87">
         <path>D:\CCS\ccs\tools\compiler\ti-cgt-msp430_21.6.1.LTS\lib\</path>
         <kind>archive</kind>
         <file>rts430x_lc_rd_eabi.lib</file>
         <name>lsr32.asm.obj</name>
      </input_file>
      <input_file id="fl-88">
         <path>D:\CCS\ccs\tools\compiler\ti-cgt-msp430_21.6.1.LTS\lib\</path>
         <kind>archive</kind>
         <file>rts430x_lc_rd_eabi.lib</file>
         <name>mult16.asm.obj</name>
      </input_file>
      <input_file id="fl-89">
         <path>D:\CCS\ccs\tools\compiler\ti-cgt-msp430_21.6.1.LTS\lib\</path>
         <kind>archive</kind>
         <file>rts430x_lc_rd_eabi.lib</file>
         <name>mult16_f5hw.asm.obj</name>
      </input_file>
      <input_file id="fl-8a">
         <path>D:\CCS\ccs\tools\compiler\ti-cgt-msp430_21.6.1.LTS\lib\</path>
         <kind>archive</kind>
         <file>rts430x_lc_rd_eabi.lib</file>
         <name>mult1632_f5hw.asm.obj</name>
      </input_file>
      <input_file id="fl-8b">
         <path>D:\CCS\ccs\tools\compiler\ti-cgt-msp430_21.6.1.LTS\lib\</path>
         <kind>archive</kind>
         <file>rts430x_lc_rd_eabi.lib</file>
         <name>mult32.asm.obj</name>
      </input_file>
      <input_file id="fl-8c">
         <path>D:\CCS\ccs\tools\compiler\ti-cgt-msp430_21.6.1.LTS\lib\</path>
         <kind>archive</kind>
         <file>rts430x_lc_rd_eabi.lib</file>
         <name>mult32_f5hw.asm.obj</name>
      </input_file>
      <input_file id="fl-8d">
         <path>D:\CCS\ccs\tools\compiler\ti-cgt-msp430_21.6.1.LTS\lib\</path>
         <kind>archive</kind>
         <file>rts430x_lc_rd_eabi.lib</file>
         <name>mult3264_f5hw.asm.obj</name>
      </input_file>
      <input_file id="fl-8e">
         <path>D:\CCS\ccs\tools\compiler\ti-cgt-msp430_21.6.1.LTS\lib\</path>
         <kind>archive</kind>
         <file>rts430x_lc_rd_eabi.lib</file>
         <name>mult64.asm.obj</name>
      </input_file>
      <input_file id="fl-8f">
         <path>D:\CCS\ccs\tools\compiler\ti-cgt-msp430_21.6.1.LTS\lib\</path>
         <kind>archive</kind>
         <file>rts430x_lc_rd_eabi.lib</file>
         <name>mult64_f5hw.asm.obj</name>
      </input_file>
      <input_file id="fl-90">
         <path>D:\CCS\ccs\tools\compiler\ti-cgt-msp430_21.6.1.LTS\lib\</path>
         <kind>archive</kind>
         <file>rts430x_lc_rd_eabi.lib</file>
         <name>boot.c.obj</name>
      </input_file>
      <input_file id="fl-91">
         <path>D:\CCS\ccs\tools\compiler\ti-cgt-msp430_21.6.1.LTS\lib\</path>
         <kind>archive</kind>
         <file>rts430x_lc_rd_eabi.lib</file>
         <name>autoinit.c.obj</name>
      </input_file>
      <input_file id="fl-92">
         <path>D:\CCS\ccs\tools\compiler\ti-cgt-msp430_21.6.1.LTS\lib\</path>
         <kind>archive</kind>
         <file>rts430x_lc_rd_eabi.lib</file>
         <name>copy_zero_init.c.obj</name>
      </input_file>
      <input_file id="fl-93">
         <path>D:\CCS\ccs\tools\compiler\ti-cgt-msp430_21.6.1.LTS\lib\</path>
         <kind>archive</kind>
         <file>rts430x_lc_rd_eabi.lib</file>
         <name>cpy_tbl.c.obj</name>
      </input_file>
      <input_file id="fl-94">
         <path>D:\CCS\ccs\tools\compiler\ti-cgt-msp430_21.6.1.LTS\lib\</path>
         <kind>archive</kind>
         <file>rts430x_lc_rd_eabi.lib</file>
         <name>mpu_init.c.obj</name>
      </input_file>
      <input_file id="fl-95">
         <path>D:\CCS\ccs\tools\compiler\ti-cgt-msp430_21.6.1.LTS\lib\</path>
         <kind>archive</kind>
         <file>rts430x_lc_rd_eabi.lib</file>
         <name>asr64.c.obj</name>
      </input_file>
      <input_file id="fl-96">
         <path>D:\CCS\ccs\tools\compiler\ti-cgt-msp430_21.6.1.LTS\lib\</path>
         <kind>archive</kind>
         <file>rts430x_lc_rd_eabi.lib</file>
         <name>lsl64.c.obj</name>
      </input_file>
      <input_file id="fl-97">
         <path>D:\CCS\ccs\tools\compiler\ti-cgt-msp430_21.6.1.LTS\lib\</path>
         <kind>archive</kind>
         <file>rts430x_lc_rd_eabi.lib</file>
         <name>lsr64.c.obj</name>
      </input_file>
      <input_file id="fl-98">
         <path>D:\CCS\ccs\tools\compiler\ti-cgt-msp430_21.6.1.LTS\lib\</path>
         <kind>archive</kind>
         <file>rts430x_lc_rd_eabi.lib</file>
         <name>div64s.c.obj</name>
      </input_file>
      <input_file id="fl-99">
         <path>D:\CCS\ccs\tools\compiler\ti-cgt-msp430_21.6.1.LTS\lib\</path>
         <kind>archive</kind>
         <file>rts430x_lc_rd_eabi.lib</file>
         <name>div64u.c.obj</name>
      </input_file>
      <input_file id="fl-9a">
         <path>D:\CCS\ccs\tools\compiler\ti-cgt-msp430_21.6.1.LTS\lib\</path>
         <kind>archive</kind>
         <file>rts430x_lc_rd_eabi.lib</file>
         <name>pre_init.c.obj</name>
      </input_file>
      <input_file id="fl-9b">
         <path>D:\CCS\ccs\tools\compiler\ti-cgt-msp430_21.6.1.LTS\lib\</path>
         <kind>archive</kind>
         <file>rts430x_lc_rd_eabi.lib</file>
         <name>startup.c.obj</name>
      </input_file>
      <input_file id="fl-9c">
         <path>D:\CCS\ccs\tools\compiler\ti-cgt-msp430_21.6.1.LTS\lib\</path>
         <kind>archive</kind>
         <file>rts430x_lc_rd_eabi.lib</file>
         <name>copy_decompress_none.c.obj</name>
      </input_file>
      <input_file id="fl-9d">
         <path>D:\CCS\ccs\tools\compiler\ti-cgt-msp430_21.6.1.LTS\lib\</path>
         <kind>archive</kind>
         <file>rts430x_lc_rd_eabi.lib</file>
         <name>copy_decompress_lzss.c.obj</name>
      </input_file>
      <input_file id="fl-9e">
         <path>D:\CCS\ccs\tools\compiler\ti-cgt-msp430_21.6.1.LTS\lib\</path>
         <kind>archive</kind>
         <file>rts430x_lc_rd_eabi.lib</file>
         <name>cvtdf.c.obj</name>
      </input_file>
      <input_file id="fl-9f">
         <path>D:\CCS\ccs\tools\compiler\ti-cgt-msp430_21.6.1.LTS\lib\</path>
         <kind>archive</kind>
         <file>rts430x_lc_rd_eabi.lib</file>
         <name>addd.c.obj</name>
      </input_file>
      <input_file id="fl-a0">
         <path>D:\CCS\ccs\tools\compiler\ti-cgt-msp430_21.6.1.LTS\lib\</path>
         <kind>archive</kind>
         <file>rts430x_lc_rd_eabi.lib</file>
         <name>cmpd.c.obj</name>
      </input_file>
      <input_file id="fl-a1">
         <path>D:\CCS\ccs\tools\compiler\ti-cgt-msp430_21.6.1.LTS\lib\</path>
         <kind>archive</kind>
         <file>rts430x_lc_rd_eabi.lib</file>
         <name>cvtfd.c.obj</name>
      </input_file>
      <input_file id="fl-a2">
         <path>D:\CCS\ccs\tools\compiler\ti-cgt-msp430_21.6.1.LTS\lib\</path>
         <kind>archive</kind>
         <file>rts430x_lc_rd_eabi.lib</file>
         <name>divd.c.obj</name>
      </input_file>
      <input_file id="fl-a3">
         <path>D:\CCS\ccs\tools\compiler\ti-cgt-msp430_21.6.1.LTS\lib\</path>
         <kind>archive</kind>
         <file>rts430x_lc_rd_eabi.lib</file>
         <name>fixdi.c.obj</name>
      </input_file>
      <input_file id="fl-a4">
         <path>D:\CCS\ccs\tools\compiler\ti-cgt-msp430_21.6.1.LTS\lib\</path>
         <kind>archive</kind>
         <file>rts430x_lc_rd_eabi.lib</file>
         <name>fixdli.c.obj</name>
      </input_file>
      <input_file id="fl-a5">
         <path>D:\CCS\ccs\tools\compiler\ti-cgt-msp430_21.6.1.LTS\lib\</path>
         <kind>archive</kind>
         <file>rts430x_lc_rd_eabi.lib</file>
         <name>fixdu.c.obj</name>
      </input_file>
      <input_file id="fl-a6">
         <path>D:\CCS\ccs\tools\compiler\ti-cgt-msp430_21.6.1.LTS\lib\</path>
         <kind>archive</kind>
         <file>rts430x_lc_rd_eabi.lib</file>
         <name>fixdul.c.obj</name>
      </input_file>
      <input_file id="fl-a7">
         <path>D:\CCS\ccs\tools\compiler\ti-cgt-msp430_21.6.1.LTS\lib\</path>
         <kind>archive</kind>
         <file>rts430x_lc_rd_eabi.lib</file>
         <name>fltid.c.obj</name>
      </input_file>
      <input_file id="fl-a8">
         <path>D:\CCS\ccs\tools\compiler\ti-cgt-msp430_21.6.1.LTS\lib\</path>
         <kind>archive</kind>
         <file>rts430x_lc_rd_eabi.lib</file>
         <name>fltlid.c.obj</name>
      </input_file>
      <input_file id="fl-a9">
         <path>D:\CCS\ccs\tools\compiler\ti-cgt-msp430_21.6.1.LTS\lib\</path>
         <kind>archive</kind>
         <file>rts430x_lc_rd_eabi.lib</file>
         <name>fltud.c.obj</name>
      </input_file>
      <input_file id="fl-aa">
         <path>D:\CCS\ccs\tools\compiler\ti-cgt-msp430_21.6.1.LTS\lib\</path>
         <kind>archive</kind>
         <file>rts430x_lc_rd_eabi.lib</file>
         <name>fltuld.c.obj</name>
      </input_file>
      <input_file id="fl-ab">
         <path>D:\CCS\ccs\tools\compiler\ti-cgt-msp430_21.6.1.LTS\lib\</path>
         <kind>archive</kind>
         <file>rts430x_lc_rd_eabi.lib</file>
         <name>frcdivd.c.obj</name>
      </input_file>
      <input_file id="fl-ac">
         <path>D:\CCS\ccs\tools\compiler\ti-cgt-msp430_21.6.1.LTS\lib\</path>
         <kind>archive</kind>
         <file>rts430x_lc_rd_eabi.lib</file>
         <name>mpyd.c.obj</name>
      </input_file>
      <input_file id="fl-ad">
         <path>D:\CCS\ccs\tools\compiler\ti-cgt-msp430_21.6.1.LTS\lib\</path>
         <kind>archive</kind>
         <file>rts430x_lc_rd_eabi.lib</file>
         <name>negd.c.obj</name>
      </input_file>
      <input_file id="fl-ae">
         <path>D:\CCS\ccs\tools\compiler\ti-cgt-msp430_21.6.1.LTS\lib\</path>
         <kind>archive</kind>
         <file>rts430x_lc_rd_eabi.lib</file>
         <name>subd.c.obj</name>
      </input_file>
      <input_file id="fl-af">
         <path>D:\CCS\ccs\tools\compiler\ti-cgt-msp430_21.6.1.LTS\lib\</path>
         <kind>archive</kind>
         <file>rts430x_lc_rd_eabi.lib</file>
         <name>exit.c.obj</name>
      </input_file>
      <input_file id="fl-b0">
         <path>D:\CCS\ccs\tools\compiler\ti-cgt-msp430_21.6.1.LTS\lib\</path>
         <kind>archive</kind>
         <file>rts430x_lc_rd_eabi.lib</file>
         <name>_lock.c.obj</name>
      </input_file>
      <input_file id="fl-b1">
         <path>D:\CCS\ccs\tools\compiler\ti-cgt-msp430_21.6.1.LTS\lib\</path>
         <kind>archive</kind>
         <file>rts430x_lc_rd_eabi.lib</file>
         <name>_ltoa.c.obj</name>
      </input_file>
      <input_file id="fl-b2">
         <path>D:\CCS\ccs\tools\compiler\ti-cgt-msp430_21.6.1.LTS\lib\</path>
         <kind>archive</kind>
         <file>rts430x_lc_rd_eabi.lib</file>
         <name>args_main.c.obj</name>
      </input_file>
      <input_file id="fl-b3">
         <path>D:\CCS\ccs\tools\compiler\ti-cgt-msp430_21.6.1.LTS\lib\</path>
         <kind>archive</kind>
         <file>rts430x_lc_rd_eabi.lib</file>
         <name>atof.c.obj</name>
      </input_file>
      <input_file id="fl-b4">
         <path>D:\CCS\ccs\tools\compiler\ti-cgt-msp430_21.6.1.LTS\lib\</path>
         <kind>archive</kind>
         <file>rts430x_lc_rd_eabi.lib</file>
         <name>atoi.c.obj</name>
      </input_file>
      <input_file id="fl-b5">
         <path>D:\CCS\ccs\tools\compiler\ti-cgt-msp430_21.6.1.LTS\lib\</path>
         <kind>archive</kind>
         <file>rts430x_lc_rd_eabi.lib</file>
         <name>ctype.c.obj</name>
      </input_file>
      <input_file id="fl-b6">
         <path>D:\CCS\ccs\tools\compiler\ti-cgt-msp430_21.6.1.LTS\lib\</path>
         <kind>archive</kind>
         <file>rts430x_lc_rd_eabi.lib</file>
         <name>defs.c.obj</name>
      </input_file>
      <input_file id="fl-b7">
         <path>D:\CCS\ccs\tools\compiler\ti-cgt-msp430_21.6.1.LTS\lib\</path>
         <kind>archive</kind>
         <file>rts430x_lc_rd_eabi.lib</file>
         <name>memccpy.c.obj</name>
      </input_file>
      <input_file id="fl-b8">
         <path>D:\CCS\ccs\tools\compiler\ti-cgt-msp430_21.6.1.LTS\lib\</path>
         <kind>archive</kind>
         <file>rts430x_lc_rd_eabi.lib</file>
         <name>memcmp.c.obj</name>
      </input_file>
      <input_file id="fl-b9">
         <path>D:\CCS\ccs\tools\compiler\ti-cgt-msp430_21.6.1.LTS\lib\</path>
         <kind>archive</kind>
         <file>rts430x_lc_rd_eabi.lib</file>
         <name>memcpy.c.obj</name>
      </input_file>
      <input_file id="fl-ba">
         <path>D:\CCS\ccs\tools\compiler\ti-cgt-msp430_21.6.1.LTS\lib\</path>
         <kind>archive</kind>
         <file>rts430x_lc_rd_eabi.lib</file>
         <name>memset.c.obj</name>
      </input_file>
      <input_file id="fl-bb">
         <path>D:\CCS\ccs\tools\compiler\ti-cgt-msp430_21.6.1.LTS\lib\</path>
         <kind>archive</kind>
         <file>rts430x_lc_rd_eabi.lib</file>
         <name>strchr.c.obj</name>
      </input_file>
      <input_file id="fl-bc">
         <path>D:\CCS\ccs\tools\compiler\ti-cgt-msp430_21.6.1.LTS\lib\</path>
         <kind>archive</kind>
         <file>rts430x_lc_rd_eabi.lib</file>
         <name>strlen.c.obj</name>
      </input_file>
      <input_file id="fl-bd">
         <path>D:\CCS\ccs\tools\compiler\ti-cgt-msp430_21.6.1.LTS\lib\</path>
         <kind>archive</kind>
         <file>rts430x_lc_rd_eabi.lib</file>
         <name>strstr.c.obj</name>
      </input_file>
      <input_file id="fl-be">
         <path>D:\CCS\ccs\tools\compiler\ti-cgt-msp430_21.6.1.LTS\lib\</path>
         <kind>archive</kind>
         <file>rts430x_lc_rd_eabi.lib</file>
         <name>strtod.c.obj</name>
      </input_file>
      <input_file id="fl-bf">
         <path>D:\CCS\ccs\tools\compiler\ti-cgt-msp430_21.6.1.LTS\lib\</path>
         <kind>archive</kind>
         <file>rts430x_lc_rd_eabi.lib</file>
         <name>toupper.c.obj</name>
      </input_file>
      <input_file id="fl-c0">
         <path>D:\CCS\ccs\tools\compiler\ti-cgt-msp430_21.6.1.LTS\lib\</path>
         <kind>archive</kind>
         <file>rts430x_lc_rd_eabi.lib</file>
         <name>abs.c.obj</name>
      </input_file>
      <input_file id="fl-c1">
         <path>D:\CCS\ccs\tools\compiler\ti-cgt-msp430_21.6.1.LTS\lib\</path>
         <kind>archive</kind>
         <file>rts430x_lc_rd_eabi.lib</file>
         <name>labs.c.obj</name>
      </input_file>
      <input_file id="fl-c2">
         <path>D:\CCS\ccs\tools\compiler\ti-cgt-msp430_21.6.1.LTS\lib\</path>
         <kind>archive</kind>
         <file>rts430x_lc_rd_eabi.lib</file>
         <name>llabs.c.obj</name>
      </input_file>
      <input_file id="fl-c3">
         <path>D:\CCS\ccs\tools\compiler\ti-cgt-msp430_21.6.1.LTS\lib\</path>
         <kind>archive</kind>
         <file>rts430x_lc_rd_eabi.lib</file>
         <name>errno.c.obj</name>
      </input_file>
      <input_file id="fl-c4">
         <path>D:\CCS\ccs\tools\compiler\ti-cgt-msp430_21.6.1.LTS\lib\</path>
         <kind>archive</kind>
         <file>rts430x_lc_rd_eabi.lib</file>
         <name>asr32.asm.obj</name>
      </input_file>
      <input_file id="fl-c5">
         <path>D:\CCS\ccs\tools\compiler\ti-cgt-msp430_21.6.1.LTS\lib\</path>
         <kind>archive</kind>
         <file>rts430x_lc_rd_eabi.lib</file>
         <name>mult1632.asm.obj</name>
      </input_file>
      <input_file id="fl-c6">
         <path>D:\CCS\ccs\tools\compiler\ti-cgt-msp430_21.6.1.LTS\lib\</path>
         <kind>archive</kind>
         <file>rts430x_lc_rd_eabi.lib</file>
         <name>exit_gvars.c.obj</name>
      </input_file>
      <input_file id="fl-c7">
         <path>D:\CCS\ccs\tools\compiler\ti-cgt-msp430_21.6.1.LTS\lib\</path>
         <kind>archive</kind>
         <file>rts430x_lc_rd_eabi.lib</file>
         <name>frcmpyd.c.obj</name>
      </input_file>
      <input_file id="fl-c8">
         <path>D:\CCS\ccs\tools\compiler\ti-cgt-msp430_21.6.1.LTS\lib\</path>
         <kind>archive</kind>
         <file>rts430x_lc_rd_eabi.lib</file>
         <name>mult3264.asm.obj</name>
      </input_file>
   </input_file_list>
   <object_component_list>
      <object_component id="oc-43a">
         <name>.common:X_data</name>
         <uninitialized>true</uninitialized>
         <run_address>0x2438</run_address>
         <size>0x4</size>
      </object_component>
      <object_component id="oc-43b">
         <name>.common:Y_data</name>
         <uninitialized>true</uninitialized>
         <run_address>0x243c</run_address>
         <size>0x4</size>
      </object_component>
      <object_component id="oc-424">
         <name>.common:receiveBuffer</name>
         <uninitialized>true</uninitialized>
         <run_address>0x2424</run_address>
         <size>0x14</size>
      </object_component>
      <object_component id="oc-443">
         <name>.data</name>
         <load_address>0x241e</load_address>
         <run_address>0x241e</run_address>
         <size>0x4</size>
         <input_file_ref idref="fl-32"/>
      </object_component>
      <object_component id="oc-41e">
         <name>.data</name>
         <load_address>0x2414</load_address>
         <run_address>0x2414</run_address>
         <size>0x9</size>
         <input_file_ref idref="fl-34"/>
      </object_component>
      <object_component id="oc-4d8">
         <name>.data:reBuff0</name>
         <load_address>0x2400</load_address>
         <run_address>0x2400</run_address>
         <size>0x14</size>
         <input_file_ref idref="fl-34"/>
      </object_component>
      <object_component id="oc-589">
         <name>.data</name>
         <load_address>0x2422</load_address>
         <run_address>0x2422</run_address>
         <size>0x2</size>
         <input_file_ref idref="fl-c3"/>
      </object_component>
      <object_component id="oc-36b">
         <name>.stack</name>
         <uninitialized>true</uninitialized>
         <run_address>0x4360</run_address>
         <size>0x4</size>
         <input_file_ref idref="fl-90"/>
      </object_component>
      <object_component id="oc-7e4">
         <name>.stack</name>
         <uninitialized>true</uninitialized>
         <run_address>0x4360</run_address>
         <size>0x0</size>
      </object_component>
      <object_component id="oc-574">
         <name>.text:__mspabi_addd</name>
         <load_address>0x10000</load_address>
         <run_address>0x10000</run_address>
         <size>0x72a</size>
         <input_file_ref idref="fl-9f"/>
      </object_component>
      <object_component id="oc-4b1">
         <name>.text:strtod</name>
         <load_address>0x1072a</load_address>
         <run_address>0x1072a</run_address>
         <size>0x4d4</size>
         <input_file_ref idref="fl-be"/>
      </object_component>
      <object_component id="oc-691">
         <name>.text:__TI_frcdivd</name>
         <load_address>0x10bfe</load_address>
         <run_address>0x10bfe</run_address>
         <size>0x468</size>
         <input_file_ref idref="fl-ab"/>
      </object_component>
      <object_component id="oc-56e">
         <name>.text:__mspabi_mpyd</name>
         <load_address>0x11066</load_address>
         <run_address>0x11066</run_address>
         <size>0x292</size>
         <input_file_ref idref="fl-ac"/>
      </object_component>
      <object_component id="oc-583">
         <name>.text:__mspabi_divd</name>
         <load_address>0x112f8</load_address>
         <run_address>0x112f8</run_address>
         <size>0x21c</size>
         <input_file_ref idref="fl-a2"/>
      </object_component>
      <object_component id="oc-463">
         <name>.text:main</name>
         <load_address>0x11514</load_address>
         <run_address>0x11514</run_address>
         <size>0x166</size>
         <input_file_ref idref="fl-2"/>
      </object_component>
      <object_component id="oc-673">
         <name>.text:__TI_frcmpyd</name>
         <load_address>0x1167a</load_address>
         <run_address>0x1167a</run_address>
         <size>0x164</size>
         <input_file_ref idref="fl-c7"/>
      </object_component>
      <object_component id="oc-58c">
         <name>.text:scalbn</name>
         <load_address>0x117de</load_address>
         <run_address>0x117de</run_address>
         <size>0x15a</size>
         <input_file_ref idref="fl-62"/>
      </object_component>
      <object_component id="oc-502">
         <name>.text:OLED_Init</name>
         <load_address>0x11938</load_address>
         <run_address>0x11938</run_address>
         <size>0x13a</size>
         <input_file_ref idref="fl-30"/>
      </object_component>
      <object_component id="oc-514">
         <name>.text:Car_move_Proc</name>
         <load_address>0x11a72</load_address>
         <run_address>0x11a72</run_address>
         <size>0x114</size>
         <input_file_ref idref="fl-36"/>
      </object_component>
      <object_component id="oc-59d">
         <name>.text:__mspabi_cmpd</name>
         <load_address>0x11b86</load_address>
         <run_address>0x11b86</run_address>
         <size>0xd8</size>
         <input_file_ref idref="fl-a0"/>
      </object_component>
      <object_component id="oc-5d5">
         <name>.text:USCI_A_UART_init</name>
         <load_address>0x11c5e</load_address>
         <run_address>0x11c5e</run_address>
         <size>0xd6</size>
         <input_file_ref idref="fl-28"/>
      </object_component>
      <object_component id="oc-4de">
         <name>.text:Clock_Init</name>
         <load_address>0x11d34</load_address>
         <run_address>0x11d34</run_address>
         <size>0xc4</size>
         <input_file_ref idref="fl-33"/>
      </object_component>
      <object_component id="oc-434">
         <name>.text:__mspabi_cvtdf</name>
         <load_address>0x11df8</load_address>
         <run_address>0x11df8</run_address>
         <size>0xb2</size>
         <input_file_ref idref="fl-9e"/>
      </object_component>
      <object_component id="oc-50e">
         <name>.text:Motor_Control</name>
         <load_address>0x11eaa</load_address>
         <run_address>0x11eaa</run_address>
         <size>0x8a</size>
         <input_file_ref idref="fl-36"/>
      </object_component>
      <object_component id="oc-4f0">
         <name>.text:Usart1Init</name>
         <load_address>0x11f34</load_address>
         <run_address>0x11f34</run_address>
         <size>0x7e</size>
         <input_file_ref idref="fl-34"/>
      </object_component>
      <object_component id="oc-5b3">
         <name>.text:Timer_A_initUpMode</name>
         <load_address>0x11fb2</load_address>
         <run_address>0x11fb2</run_address>
         <size>0x7c</size>
         <input_file_ref idref="fl-22"/>
      </object_component>
      <object_component id="oc-4f6">
         <name>.text:Usart0Init</name>
         <load_address>0x1202e</load_address>
         <run_address>0x1202e</run_address>
         <size>0x76</size>
         <input_file_ref idref="fl-34"/>
      </object_component>
      <object_component id="oc-6d">
         <name>.text:decompress:lzss:__TI_decompress_lzss</name>
         <load_address>0x120a4</load_address>
         <run_address>0x120a4</run_address>
         <size>0x76</size>
         <input_file_ref idref="fl-9d"/>
      </object_component>
      <object_component id="oc-702">
         <name>.text:__mpyll</name>
         <load_address>0x1211a</load_address>
         <run_address>0x1211a</run_address>
         <size>0x5c</size>
         <input_file_ref idref="fl-8f"/>
      </object_component>
      <object_component id="oc-53f">
         <name>.text:__TI_auto_init_nobinit_nopinit_hold_wdt:__TI_auto_init_nobinit_nopinit_hold_wdt</name>
         <load_address>0x12176</load_address>
         <run_address>0x12176</run_address>
         <size>0x54</size>
         <input_file_ref idref="fl-91"/>
      </object_component>
      <object_component id="oc-508">
         <name>.text:Zx_MotorSetLED</name>
         <load_address>0x121ca</load_address>
         <run_address>0x121ca</run_address>
         <size>0x50</size>
         <input_file_ref idref="fl-35"/>
      </object_component>
      <object_component id="oc-62d">
         <name>.text:Zx_MotorRunN</name>
         <load_address>0x1221a</load_address>
         <run_address>0x1221a</run_address>
         <size>0x4e</size>
         <input_file_ref idref="fl-35"/>
      </object_component>
      <object_component id="oc-627">
         <name>.text:Zx_MotorRunS</name>
         <load_address>0x12268</load_address>
         <run_address>0x12268</run_address>
         <size>0x4e</size>
         <input_file_ref idref="fl-35"/>
      </object_component>
      <object_component id="oc-605">
         <name>.text:OLED_Clear</name>
         <load_address>0x122b6</load_address>
         <run_address>0x122b6</run_address>
         <size>0x48</size>
         <input_file_ref idref="fl-30"/>
      </object_component>
      <object_component id="oc-4fc">
         <name>.text:KEY_EXIT_Init</name>
         <load_address>0x122fe</load_address>
         <run_address>0x122fe</run_address>
         <size>0x46</size>
         <input_file_ref idref="fl-2e"/>
      </object_component>
      <object_component id="oc-4e4">
         <name>.text:Timer_A1_Init</name>
         <load_address>0x12344</load_address>
         <run_address>0x12344</run_address>
         <size>0x46</size>
         <input_file_ref idref="fl-32"/>
      </object_component>
      <object_component id="oc-745">
         <name>.text:OLED_Write_IIC_Byte</name>
         <load_address>0x1238a</load_address>
         <run_address>0x1238a</run_address>
         <size>0x44</size>
         <input_file_ref idref="fl-30"/>
      </object_component>
      <object_component id="oc-680">
         <name>.text:__mspabi_srall</name>
         <load_address>0x123ce</load_address>
         <run_address>0x123ce</run_address>
         <size>0x40</size>
         <input_file_ref idref="fl-95"/>
      </object_component>
      <object_component id="oc-5fe">
         <name>.text:GPIO_setAsInputPinWithPullUpResistor</name>
         <load_address>0x1240e</load_address>
         <run_address>0x1240e</run_address>
         <size>0x3e</size>
         <input_file_ref idref="fl-11"/>
      </object_component>
      <object_component id="oc-723">
         <name>.text:l_asr_const</name>
         <load_address>0x1244c</load_address>
         <run_address>0x1244c</run_address>
         <size>0x3e</size>
         <input_file_ref idref="fl-c4"/>
      </object_component>
      <object_component id="oc-4b9">
         <name>.text:l_lsl_const</name>
         <load_address>0x1248a</load_address>
         <run_address>0x1248a</run_address>
         <size>0x3e</size>
         <input_file_ref idref="fl-86"/>
      </object_component>
      <object_component id="oc-719">
         <name>.text:l_lsr_const</name>
         <load_address>0x124c8</load_address>
         <run_address>0x124c8</run_address>
         <size>0x3e</size>
         <input_file_ref idref="fl-87"/>
      </object_component>
      <object_component id="oc-428">
         <name>.text:strstr</name>
         <load_address>0x12506</load_address>
         <run_address>0x12506</run_address>
         <size>0x3c</size>
         <input_file_ref idref="fl-bd"/>
      </object_component>
      <object_component id="oc-686">
         <name>.text:__mspabi_sllll</name>
         <load_address>0x12542</load_address>
         <run_address>0x12542</run_address>
         <size>0x3a</size>
         <input_file_ref idref="fl-96"/>
      </object_component>
      <object_component id="oc-70c">
         <name>.text:__mspabi_srlll</name>
         <load_address>0x1257c</load_address>
         <run_address>0x1257c</run_address>
         <size>0x3a</size>
         <input_file_ref idref="fl-97"/>
      </object_component>
      <object_component id="oc-5f2">
         <name>.text:GPIO_setAsInputPin</name>
         <load_address>0x125b6</load_address>
         <run_address>0x125b6</run_address>
         <size>0x34</size>
         <input_file_ref idref="fl-11"/>
      </object_component>
      <object_component id="oc-6c8">
         <name>.text:OLED_Write_IIC_Data</name>
         <load_address>0x125ea</load_address>
         <run_address>0x125ea</run_address>
         <size>0x32</size>
         <input_file_ref idref="fl-30"/>
      </object_component>
      <object_component id="oc-444">
         <name>.text:LED2</name>
         <load_address>0x1261c</load_address>
         <run_address>0x1261c</run_address>
         <size>0x30</size>
         <input_file_ref idref="fl-2f"/>
      </object_component>
      <object_component id="oc-6c2">
         <name>.text:OLED_Write_IIC_Command</name>
         <load_address>0x1264c</load_address>
         <run_address>0x1264c</run_address>
         <size>0x30</size>
         <input_file_ref idref="fl-30"/>
      </object_component>
      <object_component id="oc-5f8">
         <name>.text:GPIO_selectInterruptEdge</name>
         <load_address>0x1267c</load_address>
         <run_address>0x1267c</run_address>
         <size>0x2e</size>
         <input_file_ref idref="fl-11"/>
      </object_component>
      <object_component id="oc-57a">
         <name>.text:__mspabi_negd</name>
         <load_address>0x126aa</load_address>
         <run_address>0x126aa</run_address>
         <size>0x2e</size>
         <input_file_ref idref="fl-ad"/>
      </object_component>
      <object_component id="oc-69b">
         <name>.text:copysign</name>
         <load_address>0x126d8</load_address>
         <run_address>0x126d8</run_address>
         <size>0x2e</size>
         <input_file_ref idref="fl-63"/>
      </object_component>
      <object_component id="oc-618">
         <name>.text:Zx_MotorCheckSum</name>
         <load_address>0x12706</load_address>
         <run_address>0x12706</run_address>
         <size>0x2c</size>
         <input_file_ref idref="fl-35"/>
      </object_component>
      <object_component id="oc-707">
         <name>.text:__mpyull</name>
         <load_address>0x12732</load_address>
         <run_address>0x12732</run_address>
         <size>0x2c</size>
         <input_file_ref idref="fl-8d"/>
      </object_component>
      <object_component id="oc-5bf">
         <name>.text:GPIO_setAsOutputPin</name>
         <load_address>0x1275e</load_address>
         <run_address>0x1275e</run_address>
         <size>0x28</size>
         <input_file_ref idref="fl-11"/>
      </object_component>
      <object_component id="oc-5c6">
         <name>.text:GPIO_setAsPeripheralModuleFunctionInputPin</name>
         <load_address>0x12786</load_address>
         <run_address>0x12786</run_address>
         <size>0x28</size>
         <input_file_ref idref="fl-11"/>
      </object_component>
      <object_component id="oc-5cc">
         <name>.text:GPIO_setAsPeripheralModuleFunctionOutputPin</name>
         <load_address>0x127ae</load_address>
         <run_address>0x127ae</run_address>
         <size>0x28</size>
         <input_file_ref idref="fl-11"/>
      </object_component>
      <object_component id="oc-4ea">
         <name>.text:LED_Init</name>
         <load_address>0x127d6</load_address>
         <run_address>0x127d6</run_address>
         <size>0x26</size>
         <input_file_ref idref="fl-2f"/>
      </object_component>
      <object_component id="oc-3b0">
         <name>.text:decompress:ZI:__TI_zero_init_nomemset:__TI_zero_init_nomemset</name>
         <load_address>0x127fc</load_address>
         <run_address>0x127fc</run_address>
         <size>0x24</size>
         <input_file_ref idref="fl-92"/>
      </object_component>
      <object_component id="oc-71e">
         <name>.text</name>
         <load_address>0x12820</load_address>
         <run_address>0x12820</run_address>
         <size>0x24</size>
         <input_file_ref idref="fl-8c"/>
      </object_component>
      <object_component id="oc-61e">
         <name>.text:send0</name>
         <load_address>0x12844</load_address>
         <run_address>0x12844</run_address>
         <size>0x24</size>
         <input_file_ref idref="fl-34"/>
      </object_component>
      <object_component id="oc-405">
         <name>.text:send1</name>
         <load_address>0x12868</load_address>
         <run_address>0x12868</run_address>
         <size>0x24</size>
         <input_file_ref idref="fl-34"/>
      </object_component>
      <object_component id="oc-73f">
         <name>.text:OLED_IIC_Start</name>
         <load_address>0x1288c</load_address>
         <run_address>0x1288c</run_address>
         <size>0x22</size>
         <input_file_ref idref="fl-30"/>
      </object_component>
      <object_component id="oc-611">
         <name>.text:OLED_Display_On</name>
         <load_address>0x128ae</load_address>
         <run_address>0x128ae</run_address>
         <size>0x20</size>
         <input_file_ref idref="fl-30"/>
      </object_component>
      <object_component id="oc-48c">
         <name>.text:USCI_A_UART_transmitData</name>
         <load_address>0x128ce</load_address>
         <run_address>0x128ce</run_address>
         <size>0x20</size>
         <input_file_ref idref="fl-28"/>
      </object_component>
      <object_component id="oc-450">
         <name>.text:usart0_Callback</name>
         <load_address>0x128ee</load_address>
         <run_address>0x128ee</run_address>
         <size>0x20</size>
         <input_file_ref idref="fl-34"/>
      </object_component>
      <object_component id="oc-411">
         <name>.text:GPIO_clearInterrupt</name>
         <load_address>0x1290e</load_address>
         <run_address>0x1290e</run_address>
         <size>0x1e</size>
         <input_file_ref idref="fl-11"/>
      </object_component>
      <object_component id="oc-3fe">
         <name>.text:GPIO_disableInterrupt</name>
         <load_address>0x1292c</load_address>
         <run_address>0x1292c</run_address>
         <size>0x1e</size>
         <input_file_ref idref="fl-11"/>
      </object_component>
      <object_component id="oc-40b">
         <name>.text:GPIO_enableInterrupt</name>
         <load_address>0x1294a</load_address>
         <run_address>0x1294a</run_address>
         <size>0x1e</size>
         <input_file_ref idref="fl-11"/>
      </object_component>
      <object_component id="oc-5e7">
         <name>.text:USCI_A_UART_enableInterrupt</name>
         <load_address>0x12968</load_address>
         <run_address>0x12968</run_address>
         <size>0x1e</size>
         <input_file_ref idref="fl-28"/>
      </object_component>
      <object_component id="oc-418">
         <name>.text:USCI_A_UART_receiveData</name>
         <load_address>0x12986</load_address>
         <run_address>0x12986</run_address>
         <size>0x1e</size>
         <input_file_ref idref="fl-28"/>
      </object_component>
      <object_component id="oc-4d1">
         <name>.text:GPIO_setOutputHighOnPin</name>
         <load_address>0x129a4</load_address>
         <run_address>0x129a4</run_address>
         <size>0x1c</size>
         <input_file_ref idref="fl-11"/>
      </object_component>
      <object_component id="oc-4cb">
         <name>.text:GPIO_setOutputLowOnPin</name>
         <load_address>0x129c0</load_address>
         <run_address>0x129c0</run_address>
         <size>0x1c</size>
         <input_file_ref idref="fl-11"/>
      </object_component>
      <object_component id="oc-4c5">
         <name>.text:GPIO_toggleOutputOnPin</name>
         <load_address>0x129dc</load_address>
         <run_address>0x129dc</run_address>
         <size>0x1c</size>
         <input_file_ref idref="fl-11"/>
      </object_component>
      <object_component id="oc-751">
         <name>.text:OLED_IIC_Stop</name>
         <load_address>0x129f8</load_address>
         <run_address>0x129f8</run_address>
         <size>0x1a</size>
         <input_file_ref idref="fl-30"/>
      </object_component>
      <object_component id="oc-598">
         <name>.text</name>
         <load_address>0x12a12</load_address>
         <run_address>0x12a12</run_address>
         <size>0x18</size>
         <input_file_ref idref="fl-89"/>
      </object_component>
      <object_component id="oc-60b">
         <name>.text:OLED_WR_Byte</name>
         <load_address>0x12a2a</load_address>
         <run_address>0x12a2a</run_address>
         <size>0x14</size>
         <input_file_ref idref="fl-30"/>
      </object_component>
      <object_component id="oc-37a">
         <name>.text:memcpy</name>
         <load_address>0x12a3e</load_address>
         <run_address>0x12a3e</run_address>
         <size>0x14</size>
         <input_file_ref idref="fl-b9"/>
      </object_component>
      <object_component id="oc-74b">
         <name>.text:OLED_IIC_Wait_Ack</name>
         <load_address>0x12a52</load_address>
         <run_address>0x12a52</run_address>
         <size>0x12</size>
         <input_file_ref idref="fl-30"/>
      </object_component>
      <object_component id="oc-73">
         <name>.text:decompress:none:__TI_decompress_none</name>
         <load_address>0x12a64</load_address>
         <run_address>0x12a64</run_address>
         <size>0x12</size>
         <input_file_ref idref="fl-9c"/>
      </object_component>
      <object_component id="oc-565">
         <name>.text:toupper</name>
         <load_address>0x12a76</load_address>
         <run_address>0x12a76</run_address>
         <size>0x12</size>
         <input_file_ref idref="fl-bf"/>
      </object_component>
      <object_component id="oc-5e1">
         <name>.text:USCI_A_UART_clearInterrupt</name>
         <load_address>0x12a88</load_address>
         <run_address>0x12a88</run_address>
         <size>0xc</size>
         <input_file_ref idref="fl-28"/>
      </object_component>
      <object_component id="oc-592">
         <name>.text:abs</name>
         <load_address>0x12a94</load_address>
         <run_address>0x12a94</run_address>
         <size>0xa</size>
         <input_file_ref idref="fl-c0"/>
      </object_component>
      <object_component id="oc-5db">
         <name>.text:USCI_A_UART_enable</name>
         <load_address>0x12a9e</load_address>
         <run_address>0x12a9e</run_address>
         <size>0x6</size>
         <input_file_ref idref="fl-28"/>
      </object_component>
      <object_component id="oc-51b">
         <name>.text:abort</name>
         <load_address>0x12aa4</load_address>
         <run_address>0x12aa4</run_address>
         <size>0x6</size>
         <input_file_ref idref="fl-af"/>
      </object_component>
      <object_component id="oc-42e">
         <name>.text:atof</name>
         <load_address>0x12aaa</load_address>
         <run_address>0x12aaa</run_address>
         <size>0x6</size>
         <input_file_ref idref="fl-b3"/>
      </object_component>
      <object_component id="oc-45d">
         <name>.text:_system_pre_init</name>
         <load_address>0x12ab0</load_address>
         <run_address>0x12ab0</run_address>
         <size>0x4</size>
         <input_file_ref idref="fl-9a"/>
      </object_component>
      <object_component id="oc-647">
         <name>.text:_system_post_cinit</name>
         <load_address>0x12ab4</load_address>
         <run_address>0x12ab4</run_address>
         <size>0x2</size>
         <input_file_ref idref="fl-9b"/>
      </object_component>
      <object_component id="oc-392">
         <name>.text:_isr:USCI_A1_ISR</name>
         <load_address>0x4400</load_address>
         <run_address>0x4400</run_address>
         <size>0xb6</size>
         <input_file_ref idref="fl-34"/>
      </object_component>
      <object_component id="oc-38c">
         <name>.text:_isr:Port_1Key</name>
         <load_address>0x44b6</load_address>
         <run_address>0x44b6</run_address>
         <size>0x50</size>
         <input_file_ref idref="fl-2e"/>
      </object_component>
      <object_component id="oc-398">
         <name>.text:_isr:Port_2Key</name>
         <load_address>0x4506</load_address>
         <run_address>0x4506</run_address>
         <size>0x4e</size>
         <input_file_ref idref="fl-2e"/>
      </object_component>
      <object_component id="oc-39e">
         <name>.text:_isr:TIMER_TA1_IRQ_Handler</name>
         <load_address>0x4554</load_address>
         <run_address>0x4554</run_address>
         <size>0x22</size>
         <input_file_ref idref="fl-32"/>
      </object_component>
      <object_component id="oc-3aa">
         <name>.text:_isr:TIMER_TB0_IRQ_Handler</name>
         <load_address>0x4576</load_address>
         <run_address>0x4576</run_address>
         <size>0x22</size>
         <input_file_ref idref="fl-32"/>
      </object_component>
      <object_component id="oc-3c2">
         <name>.text:_isr:_c_int00_noargs</name>
         <load_address>0x4598</load_address>
         <run_address>0x4598</run_address>
         <size>0x1c</size>
         <input_file_ref idref="fl-90"/>
      </object_component>
      <object_component id="oc-3a4">
         <name>.text:_isr:USCI_A0_ISR</name>
         <load_address>0x45b4</load_address>
         <run_address>0x45b4</run_address>
         <size>0x18</size>
         <input_file_ref idref="fl-34"/>
      </object_component>
      <object_component id="oc-387">
         <name>.text:_isr:__TI_ISR_TRAP</name>
         <load_address>0x45cc</load_address>
         <run_address>0x45cc</run_address>
         <size>0x8</size>
         <input_file_ref idref="fl-84"/>
      </object_component>
      <object_component id="oc-7e3">
         <name>.cinit..data.load</name>
         <load_address>0x47fc</load_address>
         <run_address>0x47fc</run_address>
         <size>0xc</size>
      </object_component>
      <object_component id="oc-7e0">
         <name>__TI_handler_table</name>
         <load_address>0x4808</load_address>
         <run_address>0x4808</run_address>
         <size>0xc</size>
      </object_component>
      <object_component id="oc-7e2">
         <name>.cinit..bss.load</name>
         <load_address>0x4814</load_address>
         <run_address>0x4814</run_address>
         <size>0x6</size>
      </object_component>
      <object_component id="oc-7e1">
         <name>__TI_cinit_table</name>
         <load_address>0x481a</load_address>
         <run_address>0x481a</run_address>
         <size>0x10</size>
      </object_component>
      <object_component id="oc-562">
         <name>.const:.string:_ctypes_</name>
         <load_address>0x45d4</load_address>
         <run_address>0x45d4</run_address>
         <size>0x101</size>
         <input_file_ref idref="fl-b5"/>
      </object_component>
      <object_component id="oc-56b">
         <name>.const:digits</name>
         <load_address>0x46d6</load_address>
         <run_address>0x46d6</run_address>
         <size>0x80</size>
         <input_file_ref idref="fl-be"/>
      </object_component>
      <object_component id="oc-580">
         <name>.const:powerof10</name>
         <load_address>0x4756</load_address>
         <run_address>0x4756</run_address>
         <size>0x48</size>
         <input_file_ref idref="fl-be"/>
      </object_component>
      <object_component id="oc-488">
         <name>.const:GPIO_PORT_TO_BASE</name>
         <load_address>0x479e</load_address>
         <run_address>0x479e</run_address>
         <size>0x1c</size>
         <input_file_ref idref="fl-11"/>
      </object_component>
      <object_component id="oc-5b0">
         <name>.const:$P$T0$1</name>
         <load_address>0x47ba</load_address>
         <run_address>0x47ba</run_address>
         <size>0xe</size>
         <input_file_ref idref="fl-32"/>
      </object_component>
      <object_component id="oc-404">
         <name>.const:.string</name>
         <load_address>0x47c8</load_address>
         <run_address>0x47c8</run_address>
         <size>0xe</size>
         <input_file_ref idref="fl-2e"/>
      </object_component>
      <object_component id="oc-427">
         <name>.const:.string</name>
         <load_address>0x47d6</load_address>
         <run_address>0x47d6</run_address>
         <size>0xe</size>
         <input_file_ref idref="fl-34"/>
      </object_component>
      <object_component id="oc-5d2">
         <name>.const:$P$T0$1</name>
         <load_address>0x47e4</load_address>
         <run_address>0x47e4</run_address>
         <size>0xc</size>
         <input_file_ref idref="fl-34"/>
      </object_component>
      <object_component id="oc-5ee">
         <name>.const:$P$T1$2</name>
         <load_address>0x47f0</load_address>
         <run_address>0x47f0</run_address>
         <size>0xc</size>
         <input_file_ref idref="fl-34"/>
      </object_component>
      <object_component id="oc-772">
         <name>.binit</name>
         <load_address>0x4400</load_address>
         <run_address>0x4400</run_address>
         <size>0x0</size>
      </object_component>
      <object_component id="oc-79">
         <name>.int41</name>
         <load_address>0xffd2</load_address>
         <run_address>0xffd2</run_address>
         <size>0x2</size>
         <input_file_ref idref="fl-74"/>
      </object_component>
      <object_component id="oc-7a">
         <name>.int42</name>
         <load_address>0xffd4</load_address>
         <run_address>0xffd4</run_address>
         <size>0x2</size>
         <input_file_ref idref="fl-2e"/>
      </object_component>
      <object_component id="oc-7b">
         <name>.int43</name>
         <load_address>0xffd6</load_address>
         <run_address>0xffd6</run_address>
         <size>0x2</size>
         <input_file_ref idref="fl-75"/>
      </object_component>
      <object_component id="oc-7c">
         <name>.int44</name>
         <load_address>0xffd8</load_address>
         <run_address>0xffd8</run_address>
         <size>0x2</size>
         <input_file_ref idref="fl-76"/>
      </object_component>
      <object_component id="oc-7d">
         <name>.int45</name>
         <load_address>0xffda</load_address>
         <run_address>0xffda</run_address>
         <size>0x2</size>
         <input_file_ref idref="fl-77"/>
      </object_component>
      <object_component id="oc-7e">
         <name>.int46</name>
         <load_address>0xffdc</load_address>
         <run_address>0xffdc</run_address>
         <size>0x2</size>
         <input_file_ref idref="fl-34"/>
      </object_component>
      <object_component id="oc-7f">
         <name>.int47</name>
         <load_address>0xffde</load_address>
         <run_address>0xffde</run_address>
         <size>0x2</size>
         <input_file_ref idref="fl-2e"/>
      </object_component>
      <object_component id="oc-80">
         <name>.int48</name>
         <load_address>0xffe0</load_address>
         <run_address>0xffe0</run_address>
         <size>0x2</size>
         <input_file_ref idref="fl-78"/>
      </object_component>
      <object_component id="oc-81">
         <name>.int49</name>
         <load_address>0xffe2</load_address>
         <run_address>0xffe2</run_address>
         <size>0x2</size>
         <input_file_ref idref="fl-32"/>
      </object_component>
      <object_component id="oc-82">
         <name>.int50</name>
         <load_address>0xffe4</load_address>
         <run_address>0xffe4</run_address>
         <size>0x2</size>
         <input_file_ref idref="fl-79"/>
      </object_component>
      <object_component id="oc-83">
         <name>.int51</name>
         <load_address>0xffe6</load_address>
         <run_address>0xffe6</run_address>
         <size>0x2</size>
         <input_file_ref idref="fl-7a"/>
      </object_component>
      <object_component id="oc-84">
         <name>.int52</name>
         <load_address>0xffe8</load_address>
         <run_address>0xffe8</run_address>
         <size>0x2</size>
         <input_file_ref idref="fl-7b"/>
      </object_component>
      <object_component id="oc-85">
         <name>.int53</name>
         <load_address>0xffea</load_address>
         <run_address>0xffea</run_address>
         <size>0x2</size>
         <input_file_ref idref="fl-7c"/>
      </object_component>
      <object_component id="oc-86">
         <name>.int54</name>
         <load_address>0xffec</load_address>
         <run_address>0xffec</run_address>
         <size>0x2</size>
         <input_file_ref idref="fl-7d"/>
      </object_component>
      <object_component id="oc-87">
         <name>.int55</name>
         <load_address>0xffee</load_address>
         <run_address>0xffee</run_address>
         <size>0x2</size>
         <input_file_ref idref="fl-7e"/>
      </object_component>
      <object_component id="oc-88">
         <name>.int56</name>
         <load_address>0xfff0</load_address>
         <run_address>0xfff0</run_address>
         <size>0x2</size>
         <input_file_ref idref="fl-34"/>
      </object_component>
      <object_component id="oc-89">
         <name>.int57</name>
         <load_address>0xfff2</load_address>
         <run_address>0xfff2</run_address>
         <size>0x2</size>
         <input_file_ref idref="fl-7f"/>
      </object_component>
      <object_component id="oc-8a">
         <name>.int58</name>
         <load_address>0xfff4</load_address>
         <run_address>0xfff4</run_address>
         <size>0x2</size>
         <input_file_ref idref="fl-80"/>
      </object_component>
      <object_component id="oc-8b">
         <name>.int59</name>
         <load_address>0xfff6</load_address>
         <run_address>0xfff6</run_address>
         <size>0x2</size>
         <input_file_ref idref="fl-32"/>
      </object_component>
      <object_component id="oc-8c">
         <name>.int60</name>
         <load_address>0xfff8</load_address>
         <run_address>0xfff8</run_address>
         <size>0x2</size>
         <input_file_ref idref="fl-81"/>
      </object_component>
      <object_component id="oc-8d">
         <name>.int61</name>
         <load_address>0xfffa</load_address>
         <run_address>0xfffa</run_address>
         <size>0x2</size>
         <input_file_ref idref="fl-82"/>
      </object_component>
      <object_component id="oc-8e">
         <name>.int62</name>
         <load_address>0xfffc</load_address>
         <run_address>0xfffc</run_address>
         <size>0x2</size>
         <input_file_ref idref="fl-83"/>
      </object_component>
      <object_component id="oc-36e">
         <name>.reset</name>
         <load_address>0xfffe</load_address>
         <run_address>0xfffe</run_address>
         <size>0x2</size>
         <input_file_ref idref="fl-90"/>
      </object_component>
      <object_component id="oc-55e">
         <name>.debug_info</name>
         <load_address>0x0</load_address>
         <run_address>0x0</run_address>
         <size>0x390</size>
         <input_file_ref idref="fl-2"/>
      </object_component>
      <object_component id="oc-464">
         <name>.debug_info</name>
         <load_address>0x390</load_address>
         <run_address>0x390</run_address>
         <size>0x299</size>
         <input_file_ref idref="fl-2"/>
      </object_component>
      <object_component id="oc-4a0">
         <name>.debug_info</name>
         <load_address>0x629</load_address>
         <run_address>0x629</run_address>
         <size>0x26b</size>
         <input_file_ref idref="fl-2"/>
      </object_component>
      <object_component id="oc-5ba">
         <name>.debug_info</name>
         <load_address>0x894</load_address>
         <run_address>0x894</run_address>
         <size>0x38f</size>
         <input_file_ref idref="fl-2"/>
      </object_component>
      <object_component id="oc-736">
         <name>.debug_info</name>
         <load_address>0xc23</load_address>
         <run_address>0xc23</run_address>
         <size>0x38f</size>
         <input_file_ref idref="fl-2"/>
      </object_component>
      <object_component id="oc-49b">
         <name>.debug_info</name>
         <load_address>0xfb2</load_address>
         <run_address>0xfb2</run_address>
         <size>0xee</size>
         <input_file_ref idref="fl-2"/>
      </object_component>
      <object_component id="oc-44b">
         <name>.debug_info</name>
         <load_address>0x10a0</load_address>
         <run_address>0x10a0</run_address>
         <size>0x8b</size>
         <input_file_ref idref="fl-2"/>
      </object_component>
      <object_component id="oc-4c0">
         <name>.debug_info</name>
         <load_address>0x112b</load_address>
         <run_address>0x112b</run_address>
         <size>0x282</size>
         <input_file_ref idref="fl-2"/>
      </object_component>
      <object_component id="oc-43d">
         <name>.debug_info</name>
         <load_address>0x13ad</load_address>
         <run_address>0x13ad</run_address>
         <size>0xbb</size>
         <input_file_ref idref="fl-2"/>
      </object_component>
      <object_component id="oc-4a5">
         <name>.debug_info</name>
         <load_address>0x1468</load_address>
         <run_address>0x1468</run_address>
         <size>0xd9</size>
         <input_file_ref idref="fl-2"/>
      </object_component>
      <object_component id="oc-4aa">
         <name>.debug_info</name>
         <load_address>0x1541</load_address>
         <run_address>0x1541</run_address>
         <size>0x35</size>
         <input_file_ref idref="fl-2"/>
      </object_component>
      <object_component id="oc-375">
         <name>.debug_info</name>
         <load_address>0x1576</load_address>
         <run_address>0x1576</run_address>
         <size>0x84</size>
         <input_file_ref idref="fl-3"/>
      </object_component>
      <object_component id="oc-55c">
         <name>.debug_info</name>
         <load_address>0x15fa</load_address>
         <run_address>0x15fa</run_address>
         <size>0x14d</size>
         <input_file_ref idref="fl-11"/>
      </object_component>
      <object_component id="oc-489">
         <name>.debug_info</name>
         <load_address>0x1747</load_address>
         <run_address>0x1747</run_address>
         <size>0xdb</size>
         <input_file_ref idref="fl-11"/>
      </object_component>
      <object_component id="oc-4c6">
         <name>.debug_info</name>
         <load_address>0x1822</load_address>
         <run_address>0x1822</run_address>
         <size>0x1d1</size>
         <input_file_ref idref="fl-11"/>
      </object_component>
      <object_component id="oc-4cc">
         <name>.debug_info</name>
         <load_address>0x19f3</load_address>
         <run_address>0x19f3</run_address>
         <size>0x1d1</size>
         <input_file_ref idref="fl-11"/>
      </object_component>
      <object_component id="oc-4d2">
         <name>.debug_info</name>
         <load_address>0x1bc4</load_address>
         <run_address>0x1bc4</run_address>
         <size>0x1d3</size>
         <input_file_ref idref="fl-11"/>
      </object_component>
      <object_component id="oc-5cd">
         <name>.debug_info</name>
         <load_address>0x1d97</load_address>
         <run_address>0x1d97</run_address>
         <size>0x1fb</size>
         <input_file_ref idref="fl-11"/>
      </object_component>
      <object_component id="oc-5c7">
         <name>.debug_info</name>
         <load_address>0x1f92</load_address>
         <run_address>0x1f92</run_address>
         <size>0x1f9</size>
         <input_file_ref idref="fl-11"/>
      </object_component>
      <object_component id="oc-5c0">
         <name>.debug_info</name>
         <load_address>0x218b</load_address>
         <run_address>0x218b</run_address>
         <size>0x1cb</size>
         <input_file_ref idref="fl-11"/>
      </object_component>
      <object_component id="oc-5ff">
         <name>.debug_info</name>
         <load_address>0x2356</load_address>
         <run_address>0x2356</run_address>
         <size>0x1f0</size>
         <input_file_ref idref="fl-11"/>
      </object_component>
      <object_component id="oc-5f3">
         <name>.debug_info</name>
         <load_address>0x2546</load_address>
         <run_address>0x2546</run_address>
         <size>0x1c9</size>
         <input_file_ref idref="fl-11"/>
      </object_component>
      <object_component id="oc-5f9">
         <name>.debug_info</name>
         <load_address>0x270f</load_address>
         <run_address>0x270f</run_address>
         <size>0x212</size>
         <input_file_ref idref="fl-11"/>
      </object_component>
      <object_component id="oc-40c">
         <name>.debug_info</name>
         <load_address>0x2921</load_address>
         <run_address>0x2921</run_address>
         <size>0x1d0</size>
         <input_file_ref idref="fl-11"/>
      </object_component>
      <object_component id="oc-3ff">
         <name>.debug_info</name>
         <load_address>0x2af1</load_address>
         <run_address>0x2af1</run_address>
         <size>0x1d2</size>
         <input_file_ref idref="fl-11"/>
      </object_component>
      <object_component id="oc-412">
         <name>.debug_info</name>
         <load_address>0x2cc3</load_address>
         <run_address>0x2cc3</run_address>
         <size>0x1ce</size>
         <input_file_ref idref="fl-11"/>
      </object_component>
      <object_component id="oc-6b1">
         <name>.debug_info</name>
         <load_address>0x2e91</load_address>
         <run_address>0x2e91</run_address>
         <size>0x15c</size>
         <input_file_ref idref="fl-22"/>
      </object_component>
      <object_component id="oc-5b4">
         <name>.debug_info</name>
         <load_address>0x2fed</load_address>
         <run_address>0x2fed</run_address>
         <size>0x193</size>
         <input_file_ref idref="fl-22"/>
      </object_component>
      <object_component id="oc-6b8">
         <name>.debug_info</name>
         <load_address>0x3180</load_address>
         <run_address>0x3180</run_address>
         <size>0x142</size>
         <input_file_ref idref="fl-28"/>
      </object_component>
      <object_component id="oc-48d">
         <name>.debug_info</name>
         <load_address>0x32c2</load_address>
         <run_address>0x32c2</run_address>
         <size>0x1c7</size>
         <input_file_ref idref="fl-28"/>
      </object_component>
      <object_component id="oc-41a">
         <name>.debug_info</name>
         <load_address>0x3489</load_address>
         <run_address>0x3489</run_address>
         <size>0x187</size>
         <input_file_ref idref="fl-28"/>
      </object_component>
      <object_component id="oc-5d6">
         <name>.debug_info</name>
         <load_address>0x3610</load_address>
         <run_address>0x3610</run_address>
         <size>0x1b4</size>
         <input_file_ref idref="fl-28"/>
      </object_component>
      <object_component id="oc-5e9">
         <name>.debug_info</name>
         <load_address>0x37c4</load_address>
         <run_address>0x37c4</run_address>
         <size>0x1c4</size>
         <input_file_ref idref="fl-28"/>
      </object_component>
[...]
         <value>0x4554</value>
         <object_component_ref idref="oc-39e"/>
      </symbol>
      <symbol id="sm-544">
         <name>Clock_Init</name>
         <value>0x11d34</value>
         <object_component_ref idref="oc-4de"/>
      </symbol>
      <symbol id="sm-5a4">
         <name>X_data</name>
         <value>0x2438</value>
      </symbol>
      <symbol id="sm-5a5">
         <name>Y_data</name>
         <value>0x243c</value>
      </symbol>
      <symbol id="sm-5a6">
         <name>receiveBuffer</name>
         <value>0x2424</value>
      </symbol>
      <symbol id="sm-5a7">
         <name>reBuff0</name>
         <value>0x2400</value>
         <object_component_ref idref="oc-4d8"/>
      </symbol>
      <symbol id="sm-5a8">
         <name>receiveIndex</name>
         <value>0x241a</value>
         <object_component_ref idref="oc-41e"/>
      </symbol>
      <symbol id="sm-5a9">
         <name>__TI_int46</name>
         <value>0xffdc</value>
         <object_component_ref idref="oc-7e"/>
      </symbol>
      <symbol id="sm-5aa">
         <name>__TI_int56</name>
         <value>0xfff0</value>
         <object_component_ref idref="oc-88"/>
      </symbol>
      <symbol id="sm-5ab">
         <name>Usart1Init</name>
         <value>0x11f34</value>
         <object_component_ref idref="oc-4f0"/>
      </symbol>
      <symbol id="sm-5ac">
         <name>none</name>
         <value>0x2414</value>
         <object_component_ref idref="oc-41e"/>
      </symbol>
      <symbol id="sm-5ad">
         <name>USCI_A0_ISR</name>
         <value>0x45b4</value>
         <object_component_ref idref="oc-3a4"/>
      </symbol>
      <symbol id="sm-5ae">
         <name>Usart0Init</name>
         <value>0x1202e</value>
         <object_component_ref idref="oc-4f6"/>
      </symbol>
      <symbol id="sm-5af">
         <name>USCI_A1_ISR</name>
         <value>0x4400</value>
         <object_component_ref idref="oc-392"/>
      </symbol>
      <symbol id="sm-5b0">
         <name>send0</name>
         <value>0x12844</value>
         <object_component_ref idref="oc-61e"/>
      </symbol>
      <symbol id="sm-5b1">
         <name>send1</name>
         <value>0x12868</value>
         <object_component_ref idref="oc-405"/>
      </symbol>
      <symbol id="sm-5b2">
         <name>usart0_Callback</name>
         <value>0x128ee</value>
         <object_component_ref idref="oc-450"/>
      </symbol>
      <symbol id="sm-5b3">
         <name>receivedData0</name>
         <value>0x2418</value>
         <object_component_ref idref="oc-41e"/>
      </symbol>
      <symbol id="sm-5da">
         <name>Zx_MotorSetLED</name>
         <value>0x121ca</value>
         <object_component_ref idref="oc-508"/>
      </symbol>
      <symbol id="sm-5db">
         <name>Zx_MotorRunN</name>
         <value>0x1221a</value>
         <object_component_ref idref="oc-62d"/>
      </symbol>
      <symbol id="sm-5dc">
         <name>Zx_MotorRunS</name>
         <value>0x12268</value>
         <object_component_ref idref="oc-627"/>
      </symbol>
      <symbol id="sm-5dd">
         <name>Zx_MotorCheckSum</name>
         <value>0x12706</value>
         <object_component_ref idref="oc-618"/>
      </symbol>
      <symbol id="sm-5fe">
         <name>Motor_Control</name>
         <value>0x11eaa</value>
         <object_component_ref idref="oc-50e"/>
      </symbol>
      <symbol id="sm-5ff">
         <name>Car_move_Proc</name>
         <value>0x11a72</value>
         <object_component_ref idref="oc-514"/>
      </symbol>
      <symbol id="sm-62d">
         <name>scalbn</name>
         <value>0x117de</value>
         <object_component_ref idref="oc-58c"/>
      </symbol>
      <symbol id="sm-62e">
         <name>scalbnl</name>
         <value>0x117de</value>
         <object_component_ref idref="oc-58c"/>
      </symbol>
      <symbol id="sm-62f">
         <name>ldexpl</name>
         <value>0x117de</value>
         <object_component_ref idref="oc-58c"/>
      </symbol>
      <symbol id="sm-630">
         <name>ldexp</name>
         <value>0x117de</value>
         <object_component_ref idref="oc-58c"/>
      </symbol>
      <symbol id="sm-639">
         <name>copysign</name>
         <value>0x126d8</value>
         <object_component_ref idref="oc-69b"/>
      </symbol>
      <symbol id="sm-63a">
         <name>copysignl</name>
         <value>0x126d8</value>
         <object_component_ref idref="oc-69b"/>
      </symbol>
      <symbol id="sm-64d">
         <name>__TI_int41</name>
         <value>0xffd2</value>
         <object_component_ref idref="oc-79"/>
      </symbol>
      <symbol id="sm-650">
         <name>__TI_int43</name>
         <value>0xffd6</value>
         <object_component_ref idref="oc-7b"/>
      </symbol>
      <symbol id="sm-653">
         <name>__TI_int44</name>
         <value>0xffd8</value>
         <object_component_ref idref="oc-7c"/>
      </symbol>
      <symbol id="sm-656">
         <name>__TI_int45</name>
         <value>0xffda</value>
         <object_component_ref idref="oc-7d"/>
      </symbol>
      <symbol id="sm-659">
         <name>__TI_int48</name>
         <value>0xffe0</value>
         <object_component_ref idref="oc-80"/>
      </symbol>
      <symbol id="sm-65c">
         <name>__TI_int50</name>
         <value>0xffe4</value>
         <object_component_ref idref="oc-82"/>
      </symbol>
      <symbol id="sm-65f">
         <name>__TI_int51</name>
         <value>0xffe6</value>
         <object_component_ref idref="oc-83"/>
      </symbol>
      <symbol id="sm-662">
         <name>__TI_int52</name>
         <value>0xffe8</value>
         <object_component_ref idref="oc-84"/>
      </symbol>
      <symbol id="sm-665">
         <name>__TI_int53</name>
         <value>0xffea</value>
         <object_component_ref idref="oc-85"/>
      </symbol>
      <symbol id="sm-668">
         <name>__TI_int54</name>
         <value>0xffec</value>
         <object_component_ref idref="oc-86"/>
      </symbol>
      <symbol id="sm-66b">
         <name>__TI_int55</name>
         <value>0xffee</value>
         <object_component_ref idref="oc-87"/>
      </symbol>
      <symbol id="sm-66e">
         <name>__TI_int57</name>
         <value>0xfff2</value>
         <object_component_ref idref="oc-89"/>
      </symbol>
      <symbol id="sm-671">
         <name>__TI_int58</name>
         <value>0xfff4</value>
         <object_component_ref idref="oc-8a"/>
      </symbol>
      <symbol id="sm-674">
         <name>__TI_int60</name>
         <value>0xfff8</value>
         <object_component_ref idref="oc-8c"/>
      </symbol>
      <symbol id="sm-677">
         <name>__TI_int61</name>
         <value>0xfffa</value>
         <object_component_ref idref="oc-8d"/>
      </symbol>
      <symbol id="sm-67a">
         <name>__TI_int62</name>
         <value>0xfffc</value>
         <object_component_ref idref="oc-8e"/>
      </symbol>
      <symbol id="sm-682">
         <name>__TI_ISR_TRAP</name>
         <value>0x45cc</value>
         <object_component_ref idref="oc-387"/>
      </symbol>
      <symbol id="sm-68b">
         <name>__mspabi_slll_9</name>
         <value>0x124a2</value>
         <object_component_ref idref="oc-4b9"/>
      </symbol>
      <symbol id="sm-68c">
         <name>__mspabi_slll_8</name>
         <value>0x124a6</value>
         <object_component_ref idref="oc-4b9"/>
      </symbol>
      <symbol id="sm-68d">
         <name>__mspabi_slll_7</name>
         <value>0x124aa</value>
         <object_component_ref idref="oc-4b9"/>
      </symbol>
      <symbol id="sm-68e">
         <name>__mspabi_slll_6</name>
         <value>0x124ae</value>
         <object_component_ref idref="oc-4b9"/>
      </symbol>
      <symbol id="sm-68f">
         <name>__mspabi_slll_5</name>
         <value>0x124b2</value>
         <object_component_ref idref="oc-4b9"/>
      </symbol>
      <symbol id="sm-690">
         <name>__mspabi_slll_4</name>
         <value>0x124b6</value>
         <object_component_ref idref="oc-4b9"/>
      </symbol>
      <symbol id="sm-691">
         <name>__mspabi_slll_3</name>
         <value>0x124ba</value>
         <object_component_ref idref="oc-4b9"/>
      </symbol>
      <symbol id="sm-692">
         <name>__mspabi_slll_2</name>
         <value>0x124be</value>
         <object_component_ref idref="oc-4b9"/>
      </symbol>
      <symbol id="sm-693">
         <name>__mspabi_slll_1</name>
         <value>0x124c2</value>
         <object_component_ref idref="oc-4b9"/>
      </symbol>
      <symbol id="sm-694">
         <name>__mspabi_slll_15</name>
         <value>0x1248a</value>
         <object_component_ref idref="oc-4b9"/>
      </symbol>
      <symbol id="sm-695">
         <name>__mspabi_slll_14</name>
         <value>0x1248e</value>
         <object_component_ref idref="oc-4b9"/>
      </symbol>
      <symbol id="sm-696">
         <name>__mspabi_slll_13</name>
         <value>0x12492</value>
         <object_component_ref idref="oc-4b9"/>
      </symbol>
      <symbol id="sm-697">
         <name>__mspabi_slll_12</name>
         <value>0x12496</value>
         <object_component_ref idref="oc-4b9"/>
      </symbol>
      <symbol id="sm-698">
         <name>__mspabi_slll_11</name>
         <value>0x1249a</value>
         <object_component_ref idref="oc-4b9"/>
      </symbol>
      <symbol id="sm-699">
         <name>__mspabi_slll_10</name>
         <value>0x1249e</value>
         <object_component_ref idref="oc-4b9"/>
      </symbol>
      <symbol id="sm-6a1">
         <name>__mspabi_srll_8</name>
         <value>0x124e4</value>
         <object_component_ref idref="oc-719"/>
      </symbol>
      <symbol id="sm-6a2">
         <name>__mspabi_srll_9</name>
         <value>0x124e0</value>
         <object_component_ref idref="oc-719"/>
      </symbol>
      <symbol id="sm-6a3">
         <name>__mspabi_srll_6</name>
         <value>0x124ec</value>
         <object_component_ref idref="oc-719"/>
      </symbol>
      <symbol id="sm-6a4">
         <name>__mspabi_srll_7</name>
         <value>0x124e8</value>
         <object_component_ref idref="oc-719"/>
      </symbol>
      <symbol id="sm-6a5">
         <name>__mspabi_srll_4</name>
         <value>0x124f4</value>
         <object_component_ref idref="oc-719"/>
      </symbol>
      <symbol id="sm-6a6">
         <name>__mspabi_srll_5</name>
         <value>0x124f0</value>
         <object_component_ref idref="oc-719"/>
      </symbol>
      <symbol id="sm-6a7">
         <name>__mspabi_srll_2</name>
         <value>0x124fc</value>
         <object_component_ref idref="oc-719"/>
      </symbol>
      <symbol id="sm-6a8">
         <name>__mspabi_srll_3</name>
         <value>0x124f8</value>
         <object_component_ref idref="oc-719"/>
      </symbol>
      <symbol id="sm-6a9">
         <name>__mspabi_srll_1</name>
         <value>0x12500</value>
         <object_component_ref idref="oc-719"/>
      </symbol>
      <symbol id="sm-6aa">
         <name>__mspabi_srll_15</name>
         <value>0x124c8</value>
         <object_component_ref idref="oc-719"/>
      </symbol>
      <symbol id="sm-6ab">
         <name>__mspabi_srll_14</name>
         <value>0x124cc</value>
         <object_component_ref idref="oc-719"/>
      </symbol>
      <symbol id="sm-6ac">
         <name>__mspabi_srll_13</name>
         <value>0x124d0</value>
         <object_component_ref idref="oc-719"/>
      </symbol>
      <symbol id="sm-6ad">
         <name>__mspabi_srll_12</name>
         <value>0x124d4</value>
         <object_component_ref idref="oc-719"/>
      </symbol>
      <symbol id="sm-6ae">
         <name>__mspabi_srll_11</name>
         <value>0x124d8</value>
         <object_component_ref idref="oc-719"/>
      </symbol>
      <symbol id="sm-6af">
         <name>__mspabi_srll_10</name>
         <value>0x124dc</value>
         <object_component_ref idref="oc-719"/>
      </symbol>
      <symbol id="sm-6b8">
         <name>__mspabi_mpyi_f5hw</name>
         <value>0x12a12</value>
         <object_component_ref idref="oc-598"/>
      </symbol>
      <symbol id="sm-6c2">
         <name>__mspabi_mpyl_f5hw</name>
         <value>0x12820</value>
         <object_component_ref idref="oc-71e"/>
      </symbol>
      <symbol id="sm-6ca">
         <name>__mspabi_mpyull_f5hw</name>
         <value>0x12732</value>
         <object_component_ref idref="oc-707"/>
      </symbol>
      <symbol id="sm-6d3">
         <name>__mspabi_mpyll_f5hw</name>
         <value>0x1211a</value>
         <object_component_ref idref="oc-702"/>
      </symbol>
      <symbol id="sm-6e3">
         <name>_stack</name>
         <value>0x4360</value>
         <object_component_ref idref="oc-36b"/>
      </symbol>
      <symbol id="sm-6e4">
         <name>_c_int00_noargs</name>
         <value>0x4598</value>
         <object_component_ref idref="oc-3c2"/>
      </symbol>
      <symbol id="sm-6e5">
         <name>_reset_vector</name>
         <value>0xfffe</value>
         <object_component_ref idref="oc-36e"/>
      </symbol>
      <symbol id="sm-708">
         <name>__TI_auto_init_nobinit_nopinit_hold_wdt</name>
         <value>0x12176</value>
         <object_component_ref idref="oc-53f"/>
      </symbol>
      <symbol id="sm-71b">
         <name>__TI_zero_init_nomemset</name>
         <value>0x127fc</value>
         <object_component_ref idref="oc-3b0"/>
      </symbol>
      <symbol id="sm-72f">
         <name>__mspabi_srall</name>
         <value>0x123ce</value>
         <object_component_ref idref="oc-680"/>
      </symbol>
      <symbol id="sm-73c">
         <name>__mspabi_sllll</name>
         <value>0x12542</value>
         <object_component_ref idref="oc-686"/>
      </symbol>
      <symbol id="sm-749">
         <name>__mspabi_srlll</name>
         <value>0x1257c</value>
         <object_component_ref idref="oc-70c"/>
      </symbol>
      <symbol id="sm-754">
         <name>_system_pre_init</name>
         <value>0x12ab0</value>
         <object_component_ref idref="oc-45d"/>
      </symbol>
      <symbol id="sm-75d">
         <name>_system_post_cinit</name>
         <value>0x12ab4</value>
         <object_component_ref idref="oc-647"/>
      </symbol>
      <symbol id="sm-76e">
         <name>__TI_decompress_none</name>
         <value>0x12a64</value>
         <object_component_ref idref="oc-73"/>
      </symbol>
      <symbol id="sm-791">
         <name>__TI_decompress_lzss</name>
         <value>0x120a4</value>
         <object_component_ref idref="oc-6d"/>
      </symbol>
      <symbol id="sm-7a6">
         <name>__mspabi_cvtdf</name>
         <value>0x11df8</value>
         <object_component_ref idref="oc-434"/>
      </symbol>
      <symbol id="sm-7e0">
         <name>__mspabi_addd</name>
         <value>0x10000</value>
         <object_component_ref idref="oc-574"/>
      </symbol>
      <symbol id="sm-7ff">
         <name>__mspabi_cmpd</name>
         <value>0x11b86</value>
         <object_component_ref idref="oc-59d"/>
      </symbol>
      <symbol id="sm-821">
         <name>__mspabi_divd</name>
         <value>0x112f8</value>
         <object_component_ref idref="oc-583"/>
      </symbol>
      <symbol id="sm-844">
         <name>__TI_frcdivd</name>
         <value>0x10bfe</value>
         <object_component_ref idref="oc-691"/>
      </symbol>
      <symbol id="sm-869">
         <name>__mspabi_mpyd</name>
         <value>0x11066</value>
         <object_component_ref idref="oc-56e"/>
      </symbol>
      <symbol id="sm-872">
         <name>__mspabi_negd</name>
         <value>0x126aa</value>
         <object_component_ref idref="oc-57a"/>
      </symbol>
      <symbol id="sm-87d">
         <name>C$$EXIT</name>
         <value>0x12aa4</value>
         <object_component_ref idref="oc-51b"/>
      </symbol>
      <symbol id="sm-87e">
         <name>abort</name>
         <value>0x12aa4</value>
         <object_component_ref idref="oc-51b"/>
      </symbol>
      <symbol id="sm-88d">
         <name>atof</name>
         <value>0x12aaa</value>
         <object_component_ref idref="oc-42e"/>
      </symbol>
      <symbol id="sm-898">
         <name>_ctypes_</name>
         <value>0x45d4</value>
         <object_component_ref idref="oc-562"/>
      </symbol>
      <symbol id="sm-8a9">
         <name>memcpy</name>
         <value>0x12a3e</value>
         <object_component_ref idref="oc-37a"/>
      </symbol>
      <symbol id="sm-8bf">
         <name>strstr</name>
         <value>0x12506</value>
         <object_component_ref idref="oc-428"/>
      </symbol>
      <symbol id="sm-91a">
         <name>strtold</name>
         <value>0x1072a</value>
         <object_component_ref idref="oc-4b1"/>
      </symbol>
      <symbol id="sm-91b">
         <name>strtod</name>
         <value>0x1072a</value>
         <object_component_ref idref="oc-4b1"/>
      </symbol>
      <symbol id="sm-928">
         <name>toupper</name>
         <value>0x12a76</value>
         <object_component_ref idref="oc-565"/>
      </symbol>
      <symbol id="sm-932">
         <name>abs</name>
         <value>0x12a94</value>
         <object_component_ref idref="oc-592"/>
      </symbol>
      <symbol id="sm-93b">
         <name>errno</name>
         <value>0x2422</value>
         <object_component_ref idref="oc-589"/>
      </symbol>
      <symbol id="sm-943">
         <name>__mspabi_sral_15</name>
         <value>0x1244c</value>
         <object_component_ref idref="oc-723"/>
      </symbol>
      <symbol id="sm-944">
         <name>__mspabi_sral_14</name>
         <value>0x12450</value>
         <object_component_ref idref="oc-723"/>
      </symbol>
      <symbol id="sm-945">
         <name>__mspabi_sral_13</name>
         <value>0x12454</value>
         <object_component_ref idref="oc-723"/>
      </symbol>
      <symbol id="sm-946">
         <name>__mspabi_sral_12</name>
         <value>0x12458</value>
         <object_component_ref idref="oc-723"/>
      </symbol>
      <symbol id="sm-947">
         <name>__mspabi_sral_11</name>
         <value>0x1245c</value>
         <object_component_ref idref="oc-723"/>
      </symbol>
      <symbol id="sm-948">
         <name>__mspabi_sral_10</name>
         <value>0x12460</value>
         <object_component_ref idref="oc-723"/>
      </symbol>
      <symbol id="sm-949">
         <name>__mspabi_sral_8</name>
         <value>0x12468</value>
         <object_component_ref idref="oc-723"/>
      </symbol>
      <symbol id="sm-94a">
         <name>__mspabi_sral_9</name>
         <value>0x12464</value>
         <object_component_ref idref="oc-723"/>
      </symbol>
      <symbol id="sm-94b">
         <name>__mspabi_sral_6</name>
         <value>0x12470</value>
         <object_component_ref idref="oc-723"/>
      </symbol>
      <symbol id="sm-94c">
         <name>__mspabi_sral_7</name>
         <value>0x1246c</value>
         <object_component_ref idref="oc-723"/>
      </symbol>
      <symbol id="sm-94d">
         <name>__mspabi_sral_4</name>
         <value>0x12478</value>
         <object_component_ref idref="oc-723"/>
      </symbol>
      <symbol id="sm-94e">
         <name>__mspabi_sral_5</name>
         <value>0x12474</value>
         <object_component_ref idref="oc-723"/>
      </symbol>
      <symbol id="sm-94f">
         <name>__mspabi_sral_2</name>
         <value>0x12480</value>
         <object_component_ref idref="oc-723"/>
      </symbol>
      <symbol id="sm-950">
         <name>__mspabi_sral_3</name>
         <value>0x1247c</value>
         <object_component_ref idref="oc-723"/>
      </symbol>
      <symbol id="sm-951">
         <name>__mspabi_sral_1</name>
         <value>0x12484</value>
         <object_component_ref idref="oc-723"/>
      </symbol>
      <symbol id="sm-95e">
         <name>__TI_frcmpyd</name>
         <value>0x1167a</value>
         <object_component_ref idref="oc-673"/>
      </symbol>
   </symbol_table>
   <title>Link successful</title>
</link_info>
